Archive member included to satisfy reference by file (symbol)

../libfat/libfat.a(wrapper_c.o)
                              file_fat_cpp.o (FAT_OpenDir)
../libfat/libfat.a(fatdir_c.o)
                              ../libfat/libfat.a(wrapper_c.o) (_FAT_stat_r)
../libfat/libfat.a(fatfile_c.o)
                              ../libfat/libfat.a(wrapper_c.o) (_FAT_open_r)
../libfat/libfat.a(file_allocation_table_c.o)
                              ../libfat/libfat.a(fatfile_c.o) (_FAT_fat_nextCluster)
../libfat/libfat.a(filetime_c.o)
                              ../libfat/libfat.a(fatdir_c.o) (_FAT_filetime_getTimeFromRTC)
../libfat/libfat.a(libfat_c.o)
                              file_fat_cpp.o (fatMount)
../libfat/libfat.a(partition_c.o)
                              ../libfat/libfat.a(libfat_c.o) (_FAT_partition_destructor)
../libfat/libfat.a(cache_c.o)
                              ../libfat/libfat.a(partition_c.o) (_FAT_cache_constructor)
../libfat/libfat.a(directory_c.o)
                              ../libfat/libfat.a(fatdir_c.o) (_FAT_directory_entryGetCluster)
../libfat/libfat.a(disc_c.o)  ../libfat/libfat.a(libfat_c.o) (_FAT_disc_interfaces)
../../libios/libios.a(proxiios_cpp.o)
                              module_cpp.o (ProxiIOS::Module::Module(char const*))
../../libios/libios.a(gpio_c.o)
                              module_cpp.o (gpio_enable_toggle)
../../libios/libios.a(mem_c.o)
                              main_cpp.o (InitializeHeap)
../../libios/libios.a(network_common_c.o)
                              file_riifs_cpp.o (inet_aton)
../../libios/libios.a(network_wii_c.o)
                              file_riifs_cpp.o (net_init)
../../libios/libios.a(print_c.o)
                              module_cpp.o (_vsprintf)
../../libios/libios.a(rtc_c.o)
                              module_cpp.o (RTC_Init)
../../libios/libios.a(timer_c.o)
                              module_cpp.o (Timer_Init)
../../libios/libios.a(usbstorage_c.o)
                              module_cpp.o (__io_usbstorage)
../../libios/libios.a(wiisd_c.o)
                              module_cpp.o (__io_wiisd)
../../libios/libios.a(asyscalls_s.o)
                              ../../libios/libios.a(proxiios_cpp.o) (os_thread_set_priority)
../../libios/libios.a(lock_c.o)
                              ../../libios/libios.a(mem_c.o) (InitializeLock)
../../libios/libios.a(lwp_heap_c.o)
                              ../../libios/libios.a(mem_c.o) (__lwp_heap_init)
../../libios/libios.a(usb_c.o)
                              ../../libios/libios.a(usbstorage_c.o) (USB_CloseDevice)
C:/devkitPro/devkitARM/bin/../lib/gcc/arm-none-eabi/14.1.0/thumb/be\libgcc.a(_udivsi3.o)
                              ../libfat/libfat.a(file_allocation_table_c.o) (__aeabi_uidiv)
C:/devkitPro/devkitARM/bin/../lib/gcc/arm-none-eabi/14.1.0/thumb/be\libgcc.a(_divsi3.o)
                              file_riifs_cpp.o (__aeabi_idiv)
C:/devkitPro/devkitARM/bin/../lib/gcc/arm-none-eabi/14.1.0/thumb/be\libgcc.a(_dvmd_tls.o)
                              C:/devkitPro/devkitARM/bin/../lib/gcc/arm-none-eabi/14.1.0/thumb/be\libgcc.a(_udivsi3.o) (__aeabi_idiv0)
C:/devkitPro/devkitARM/bin/../lib/gcc/arm-none-eabi/14.1.0/thumb/be\libgcc.a(_muldi3.o)
                              file_fat_cpp.o (__aeabi_lmul)
C:/devkitPro/devkitARM/bin/../lib/gcc/arm-none-eabi/14.1.0/../../../../arm-none-eabi/lib/thumb/be\libg.a(libc_a-strncmp.o)
                              file_fat_cpp.o (strncmp)
C:/devkitPro/devkitARM/bin/../lib/gcc/arm-none-eabi/14.1.0/../../../../arm-none-eabi/lib/thumb/be\libg.a(libc_a-strchr.o)
                              ../libfat/libfat.a(fatdir_c.o) (strchr)
C:/devkitPro/devkitARM/bin/../lib/gcc/arm-none-eabi/14.1.0/../../../../arm-none-eabi/lib/thumb/be\libg.a(libc_a-strlen-stub.o)
                              file_fat_cpp.o (strlen)
C:/devkitPro/devkitARM/bin/../lib/gcc/arm-none-eabi/14.1.0/../../../../arm-none-eabi/lib/thumb/be\libg.a(libc_a-memmove.o)
                              ../libfat/libfat.a(directory_c.o) (memmove)
C:/devkitPro/devkitARM/bin/../lib/gcc/arm-none-eabi/14.1.0/../../../../arm-none-eabi/lib/thumb/be\libg.a(libc_a-locale.o)
                              ../libfat/libfat.a(directory_c.o) (__locale_mb_cur_max)
C:/devkitPro/devkitARM/bin/../lib/gcc/arm-none-eabi/14.1.0/../../../../arm-none-eabi/lib/thumb/be\libg.a(libc_a-putchar.o)
                              ../../libios/libios.a(print_c.o) (putchar)
C:/devkitPro/devkitARM/bin/../lib/gcc/arm-none-eabi/14.1.0/../../../../arm-none-eabi/lib/thumb/be\libg.a(libc_a-strcat.o)
                              file_riifs_cpp.o (strcat)
C:/devkitPro/devkitARM/bin/../lib/gcc/arm-none-eabi/14.1.0/../../../../arm-none-eabi/lib/thumb/be\libg.a(libc_a-memcmp.o)
                              ../libfat/libfat.a(partition_c.o) (memcmp)
C:/devkitPro/devkitARM/bin/../lib/gcc/arm-none-eabi/14.1.0/../../../../arm-none-eabi/lib/thumb/be\libg.a(libc_a-mbtowc_r.o)
[...]
Memory Configuration

Name             Origin             Length             Attributes
ios_info_table   0x00000000         0x000000f4
exe              0x13700000         0x00010000         xrw
ram              0x13710000         0x00030000         rw
*default*        0x00000000         0xffffffff

Linker script and memory map

LOAD file_fat_cpp.o
LOAD file_isfs_cpp.o
LOAD file_riifs_cpp.o
LOAD main_cpp.o
LOAD module_cpp.o
LOAD crt0_s.o
LOAD ../libfat/libfat.a
LOAD ../../libios/libios.a
LOAD C:/devkitPro/devkitARM/bin/../lib/gcc/arm-none-eabi/14.1.0/../../../../arm-none-eabi/lib/thumb/be\libstdc++.a
LOAD C:/devkitPro/devkitARM/bin/../lib/gcc/arm-none-eabi/14.1.0/../../../../arm-none-eabi/lib/thumb/be\libm.a
START GROUP
LOAD C:/devkitPro/devkitARM/bin/../lib/gcc/arm-none-eabi/14.1.0/thumb/be\libgcc.a
LOAD C:/devkitPro/devkitARM/bin/../lib/gcc/arm-none-eabi/14.1.0/../../../../arm-none-eabi/lib/thumb/be\libg.a
LOAD C:/devkitPro/devkitARM/bin/../lib/gcc/arm-none-eabi/14.1.0/../../../../arm-none-eabi/lib/thumb/be\libc.a
LOAD C:/devkitPro/devkitARM/bin/../lib/gcc/arm-none-eabi/14.1.0/../../../../arm-none-eabi/lib/thumb/be\libsysbase.a
END GROUP
                0x13700000                        __exe_start_virt__ = 0x13700000
                0x13700000                        __exe_start_phys__ = 0x13700000
                0x13710000                        __ram_start_virt__ = 0x13710000
                0x13710000                        __ram_start_phys__ = 0x13710000
                0x00000000                        __ios_info_table_start = 0x0

.debug_aranges  0x00000000      0xd28
 *(.debug_aranges)
 .debug_aranges
                0x00000000       0xd0 file_fat_cpp.o
 .debug_aranges
                0x000000d0       0xe0 file_isfs_cpp.o
 .debug_aranges
                0x000001b0       0xe8 file_riifs_cpp.o
 .debug_aranges
                0x00000298       0x28 main_cpp.o
 .debug_aranges
                0x000002c0       0x78 module_cpp.o
 .debug_aranges
                0x00000338       0x20 crt0_s.o
 .debug_aranges
                0x00000358       0xd8 ../libfat/libfat.a(wrapper_c.o)
 .debug_aranges
                0x00000430       0x70 ../libfat/libfat.a(fatdir_c.o)
 .debug_aranges
                0x000004a0       0x78 ../libfat/libfat.a(fatfile_c.o)
 .debug_aranges
                0x00000518       0x58 ../libfat/libfat.a(file_allocation_table_c.o)
 .debug_aranges
                0x00000570       0x30 ../libfat/libfat.a(filetime_c.o)
 .debug_aranges
                0x000005a0       0x50 ../libfat/libfat.a(libfat_c.o)
 .debug_aranges
                0x000005f0       0x70 ../libfat/libfat.a(partition_c.o)
 .debug_aranges
                0x00000660       0x78 ../libfat/libfat.a(cache_c.o)
 .debug_aranges
                0x000006d8       0x98 ../libfat/libfat.a(directory_c.o)
 .debug_aranges
                0x00000770       0xd8 ../../libios/libios.a(proxiios_cpp.o)
 .debug_aranges
                0x00000848       0x48 ../../libios/libios.a(gpio_c.o)
 .debug_aranges
                0x00000890       0x60 ../../libios/libios.a(mem_c.o)
 .debug_aranges
                0x000008f0       0x30 ../../libios/libios.a(network_common_c.o)
 .debug_aranges
                0x00000920       0xf8 ../../libios/libios.a(network_wii_c.o)
 .debug_aranges
                0x00000a18       0x30 ../../libios/libios.a(rtc_c.o)
 .debug_aranges
                0x00000a48       0x28 ../../libios/libios.a(timer_c.o)
 .debug_aranges
                0x00000a70       0xb8 ../../libios/libios.a(usbstorage_c.o)
 .debug_aranges
                0x00000b28       0x80 ../../libios/libios.a(wiisd_c.o)
 .debug_aranges
                0x00000ba8       0x20 ../../libios/libios.a(asyscalls_s.o)
 .debug_aranges
                0x00000bc8       0x38 ../../libios/libios.a(lock_c.o)
 .debug_aranges
                0x00000c00       0x48 ../../libios/libios.a(lwp_heap_c.o)
 .debug_aranges
                0x00000c48       0xe0 ../../libios/libios.a(usb_c.o)

.debug_pubnames
 *(.debug_pubnames)

.debug_info     0x00000000    0x2a524
 *(.debug_info)
 .debug_info    0x00000000     0x374d file_fat_cpp.o
 .debug_info    0x0000374d     0x20f8 file_isfs_cpp.o
 .debug_info    0x00005845     0x3164 file_riifs_cpp.o
 .debug_info    0x000089a9      0x46f main_cpp.o
 .debug_info    0x00008e18     0x2f88 module_cpp.o
 .debug_info    0x0000bda0       0x24 crt0_s.o
 .debug_info    0x0000bdc4     0x22dc ../libfat/libfat.a(wrapper_c.o)
 .debug_info    0x0000e0a0     0x24ce ../libfat/libfat.a(fatdir_c.o)
 .debug_info    0x0001056e     0x2f0c ../libfat/libfat.a(fatfile_c.o)
 .debug_info    0x0001347a      0xf06 ../libfat/libfat.a(file_allocation_table_c.o)
 .debug_info    0x00014380      0x1c9 ../libfat/libfat.a(filetime_c.o)
 .debug_info    0x00014549     0x1f95 ../libfat/libfat.a(libfat_c.o)
 .debug_info    0x000164de     0x2828 ../libfat/libfat.a(partition_c.o)
 .debug_info    0x00018d06     0x137c ../libfat/libfat.a(cache_c.o)
 .debug_info    0x0001a082     0x3027 ../libfat/libfat.a(directory_c.o)
 .debug_info    0x0001d0a9     0x14a8 ../../libios/libios.a(proxiios_cpp.o)
 .debug_info    0x0001e551      0x59d ../../libios/libios.a(gpio_c.o)
 .debug_info    0x0001eaee      0x869 ../../libios/libios.a(mem_c.o)
 .debug_info    0x0001f357      0x2fd ../../libios/libios.a(network_common_c.o)
 .debug_info    0x0001f654     0x3476 ../../libios/libios.a(network_wii_c.o)
 .debug_info    0x00022aca      0x225 ../../libios/libios.a(rtc_c.o)
 .debug_info    0x00022cef      0x2b1 ../../libios/libios.a(timer_c.o)
 .debug_info    0x00022fa0     0x26f6 ../../libios/libios.a(usbstorage_c.o)
 .debug_info    0x00025696     0x168d ../../libios/libios.a(wiisd_c.o)
 .debug_info    0x00026d23       0x25 ../../libios/libios.a(asyscalls_s.o)
 .debug_info    0x00026d48      0x2a4 ../../libios/libios.a(lock_c.o)
 .debug_info    0x00026fec      0xda9 ../../libios/libios.a(lwp_heap_c.o)
 .debug_info    0x00027d95     0x278f ../../libios/libios.a(usb_c.o)

.debug_abbrev   0x00000000     0x5f5c
 *(.debug_abbrev)
 .debug_abbrev  0x00000000      0x63e file_fat_cpp.o
 .debug_abbrev  0x0000063e      0x52b file_isfs_cpp.o
 .debug_abbrev  0x00000b69      0x684 file_riifs_cpp.o
 .debug_abbrev  0x000011ed      0x204 main_cpp.o
 .debug_abbrev  0x000013f1      0x6fa module_cpp.o
 .debug_abbrev  0x00001aeb       0x14 crt0_s.o
 .debug_abbrev  0x00001aff      0x4b9 ../libfat/libfat.a(wrapper_c.o)
 .debug_abbrev  0x00001fb8      0x419 ../libfat/libfat.a(fatdir_c.o)
 .debug_abbrev  0x000023d1      0x520 ../libfat/libfat.a(fatfile_c.o)
 .debug_abbrev  0x000028f1      0x2ff ../libfat/libfat.a(file_allocation_table_c.o)
 .debug_abbrev  0x00002bf0      0x110 ../libfat/libfat.a(filetime_c.o)
 .debug_abbrev  0x00002d00      0x30e ../libfat/libfat.a(libfat_c.o)
 .debug_abbrev  0x0000300e      0x4ed ../libfat/libfat.a(partition_c.o)
 .debug_abbrev  0x000034fb      0x462 ../libfat/libfat.a(cache_c.o)
 .debug_abbrev  0x0000395d      0x555 ../libfat/libfat.a(directory_c.o)
 .debug_abbrev  0x00003eb2      0x3fc ../../libios/libios.a(proxiios_cpp.o)
 .debug_abbrev  0x000042ae      0x1b4 ../../libios/libios.a(gpio_c.o)
 .debug_abbrev  0x00004462      0x255 ../../libios/libios.a(mem_c.o)
 .debug_abbrev  0x000046b7      0x13c ../../libios/libios.a(network_common_c.o)
 .debug_abbrev  0x000047f3      0x445 ../../libios/libios.a(network_wii_c.o)
 .debug_abbrev  0x00004c38      0x16e ../../libios/libios.a(rtc_c.o)
 .debug_abbrev  0x00004da6      0x104 ../../libios/libios.a(timer_c.o)
 .debug_abbrev  0x00004eaa      0x4cc ../../libios/libios.a(usbstorage_c.o)
 .debug_abbrev  0x00005376      0x3e2 ../../libios/libios.a(wiisd_c.o)
 .debug_abbrev  0x00005758       0x14 ../../libios/libios.a(asyscalls_s.o)
 .debug_abbrev  0x0000576c      0x132 ../../libios/libios.a(lock_c.o)
 .debug_abbrev  0x0000589e      0x2d2 ../../libios/libios.a(lwp_heap_c.o)
 .debug_abbrev  0x00005b70      0x3ec ../../libios/libios.a(usb_c.o)

.debug_line     0x00000000    0x13b33
 *(.debug_line)
 .debug_line    0x00000000      0xbe9 file_fat_cpp.o
 .debug_line    0x00000be9      0x9a3 file_isfs_cpp.o
 .debug_line    0x0000158c     0x11e3 file_riifs_cpp.o
 .debug_line    0x0000276f      0x29c main_cpp.o
 .debug_line    0x00002a0b     0x1092 module_cpp.o
 .debug_line    0x00003a9d       0x53 crt0_s.o
 .debug_line    0x00003af0      0xbfc ../libfat/libfat.a(wrapper_c.o)
 .debug_line    0x000046ec     0x10a7 ../libfat/libfat.a(fatdir_c.o)
 .debug_line    0x00005793     0x2064 ../libfat/libfat.a(fatfile_c.o)
 .debug_line    0x000077f7      0x9ab ../libfat/libfat.a(file_allocation_table_c.o)
 .debug_line    0x000081a2      0x20d ../libfat/libfat.a(filetime_c.o)
 .debug_line    0x000083af      0x75d ../libfat/libfat.a(libfat_c.o)
 .debug_line    0x00008b0c      0xf7e ../libfat/libfat.a(partition_c.o)
 .debug_line    0x00009a8a      0xe2d ../libfat/libfat.a(cache_c.o)
 .debug_line    0x0000a8b7     0x2327 ../libfat/libfat.a(directory_c.o)
 .debug_line    0x0000cbde      0x8a5 ../../libios/libios.a(proxiios_cpp.o)
 .debug_line    0x0000d483      0x33e ../../libios/libios.a(gpio_c.o)
 .debug_line    0x0000d7c1      0x3aa ../../libios/libios.a(mem_c.o)
 .debug_line    0x0000db6b      0x404 ../../libios/libios.a(network_common_c.o)
 .debug_line    0x0000df6f     0x1b7d ../../libios/libios.a(network_wii_c.o)
 .debug_line    0x0000faec      0x2d1 ../../libios/libios.a(rtc_c.o)
 .debug_line    0x0000fdbd      0x1c3 ../../libios/libios.a(timer_c.o)
 .debug_line    0x0000ff80     0x131d ../../libios/libios.a(usbstorage_c.o)
 .debug_line    0x0001129d      0xa77 ../../libios/libios.a(wiisd_c.o)
 .debug_line    0x00011d14       0x81 ../../libios/libios.a(asyscalls_s.o)
 .debug_line    0x00011d95      0x1f7 ../../libios/libios.a(lock_c.o)
 .debug_line    0x00011f8c      0x953 ../../libios/libios.a(lwp_heap_c.o)
 .debug_line    0x000128df     0x1254 ../../libios/libios.a(usb_c.o)

.debug_frame    0x00000000     0x2848
 *(.debug_frame)
 .debug_frame   0x00000000      0x270 file_fat_cpp.o
 .debug_frame   0x00000270      0x260 file_isfs_cpp.o
 .debug_frame   0x000004d0      0x30c file_riifs_cpp.o
 .debug_frame   0x000007dc       0x3c main_cpp.o
 .debug_frame   0x00000818      0x178 module_cpp.o
 .debug_frame   0x00000990      0x284 ../libfat/libfat.a(wrapper_c.o)
 .debug_frame   0x00000c14      0x164 ../libfat/libfat.a(fatdir_c.o)
 .debug_frame   0x00000d78      0x1c8 ../libfat/libfat.a(fatfile_c.o)
 .debug_frame   0x00000f40      0x114 ../libfat/libfat.a(file_allocation_table_c.o)
 .debug_frame   0x00001054       0x48 ../libfat/libfat.a(filetime_c.o)
 .debug_frame   0x0000109c       0xf0 ../libfat/libfat.a(libfat_c.o)
 .debug_frame   0x0000118c      0x164 ../libfat/libfat.a(partition_c.o)
 .debug_frame   0x000012f0      0x1d4 ../libfat/libfat.a(cache_c.o)
 .debug_frame   0x000014c4      0x268 ../libfat/libfat.a(directory_c.o)
 .debug_frame   0x0000172c      0x24c ../../libios/libios.a(proxiios_cpp.o)
 .debug_frame   0x00001978       0xa0 ../../libios/libios.a(gpio_c.o)
 .debug_frame   0x00001a18      0x108 ../../libios/libios.a(mem_c.o)
 .debug_frame   0x00001b20       0x7c ../../libios/libios.a(network_common_c.o)
 .debug_frame   0x00001b9c      0x390 ../../libios/libios.a(network_wii_c.o)
 .debug_frame   0x00001f2c       0x68 ../../libios/libios.a(rtc_c.o)
 .debug_frame   0x00001f94       0x48 ../../libios/libios.a(timer_c.o)
 .debug_frame   0x00001fdc      0x2a0 ../../libios/libios.a(usbstorage_c.o)
 .debug_frame   0x0000227c      0x16c ../../libios/libios.a(wiisd_c.o)
 .debug_frame   0x000023e8       0x7c ../../libios/libios.a(lock_c.o)
 .debug_frame   0x00002464       0xbc ../../libios/libios.a(lwp_heap_c.o)
 .debug_frame   0x00002520      0x328 ../../libios/libios.a(usb_c.o)

.debug_str      0x00000000     0x74cc
 *(.debug_str)
 .debug_str     0x00000000     0x74cc file_fat_cpp.o
                               0x2105 (size before relaxing)
 .debug_str     0x000074cc     0x1310 file_isfs_cpp.o
 .debug_str     0x000074cc     0x1520 file_riifs_cpp.o
 .debug_str     0x000074cc      0x64f main_cpp.o
 .debug_str     0x000074cc     0x22db module_cpp.o
 .debug_str     0x000074cc       0xd0 crt0_s.o
 .debug_str     0x000074cc      0xf3a ../libfat/libfat.a(wrapper_c.o)
 .debug_str     0x000074cc     0x10f9 ../libfat/libfat.a(fatdir_c.o)
 .debug_str     0x000074cc     0x1147 ../libfat/libfat.a(fatfile_c.o)
 .debug_str     0x000074cc      0x7cf ../libfat/libfat.a(file_allocation_table_c.o)
 .debug_str     0x000074cc      0x332 ../libfat/libfat.a(filetime_c.o)
 .debug_str     0x000074cc     0x1043 ../libfat/libfat.a(libfat_c.o)
 .debug_str     0x000074cc     0x13cf ../libfat/libfat.a(partition_c.o)
 .debug_str     0x000074cc      0x75e ../libfat/libfat.a(cache_c.o)
 .debug_str     0x000074cc     0x10b5 ../libfat/libfat.a(directory_c.o)
 .debug_str     0x000074cc      0xaa0 ../../libios/libios.a(proxiios_cpp.o)
 .debug_str     0x000074cc      0x2c8 ../../libios/libios.a(gpio_c.o)
 .debug_str     0x000074cc      0x460 ../../libios/libios.a(mem_c.o)
 .debug_str     0x000074cc      0x2af ../../libios/libios.a(network_common_c.o)
 .debug_str     0x000074cc      0xd4f ../../libios/libios.a(network_wii_c.o)
 .debug_str     0x000074cc      0x2c2 ../../libios/libios.a(rtc_c.o)
 .debug_str     0x000074cc      0x2f6 ../../libios/libios.a(timer_c.o)
 .debug_str     0x000074cc      0xbc8 ../../libios/libios.a(usbstorage_c.o)
 .debug_str     0x000074cc      0x6e9 ../../libios/libios.a(wiisd_c.o)
 .debug_str     0x000074cc       0xdb ../../libios/libios.a(asyscalls_s.o)
 .debug_str     0x000074cc      0x2d5 ../../libios/libios.a(lock_c.o)
 .debug_str     0x000074cc      0x53c ../../libios/libios.a(lwp_heap_c.o)
 .debug_str     0x000074cc      0xb17 ../../libios/libios.a(usb_c.o)

.debug_loc
 *(.debug_loc)

.debug_macinfo
 *(.debug_macinfo)

.note.arm.ident
 *(.note.arm.ident)

.ios_info_table
                0x00000000       0x34
                0x00000000                        . = .
 *(.ios_info_table)
 .ios_info_table
                0x00000000       0x34 crt0_s.o
                0x00000000                ios_info_table

.init           0x13700000       0x24
                0x13700000                        . = .
 *(.init)
 .init          0x13700000       0x24 crt0_s.o
                0x13700000                _start

.text           0x13700024     0xb114
 *(.text*)
 .text._ZN8ProxiIOS10Filesystem17FilesystemHandler3LogEPKvi
                0x13700024        0x4 file_fat_cpp.o
                0x13700024                ProxiIOS::Filesystem::FilesystemHandler::Log(void const*, int)
 .text._ZN8ProxiIOS10Filesystem10FatHandler13CheckPhysicalEv
                0x13700028       0x20 file_fat_cpp.o
                0x13700028                ProxiIOS::Filesystem::FatHandler::CheckPhysical()
 .text._ZN8ProxiIOS10Filesystem10FatHandlerD2Ev
                0x13700048        0x4 file_fat_cpp.o
                0x13700048                ProxiIOS::Filesystem::FatHandler::~FatHandler()
                0x13700048                ProxiIOS::Filesystem::FatHandler::~FatHandler()
 .text._ZN8ProxiIOS10Filesystem10FatHandler5MountEPKvi
                0x1370004c       0x9c file_fat_cpp.o
                0x1370004c                ProxiIOS::Filesystem::FatHandler::Mount(void const*, int)
 .text._ZN8ProxiIOS10Filesystem10FatHandler7UnmountEv
                0x137000e8       0x28 file_fat_cpp.o
                0x137000e8                ProxiIOS::Filesystem::FatHandler::Unmount()
 .text._ZN8ProxiIOS10Filesystem10FatHandler4OpenEPKci
                0x13700110       0xdc file_fat_cpp.o
                0x13700110                ProxiIOS::Filesystem::FatHandler::Open(char const*, int)
 .text._ZN8ProxiIOS10Filesystem10FatHandler4ReadEPNS0_8FileInfoEPhi
                0x137001ec       0x14 file_fat_cpp.o
                0x137001ec                ProxiIOS::Filesystem::FatHandler::Read(ProxiIOS::Filesystem::FileInfo*, unsigned char*, int)
 .text._ZN8ProxiIOS10Filesystem10FatHandler5WriteEPNS0_8FileInfoEPKhi
                0x13700200       0x14 file_fat_cpp.o
                0x13700200                ProxiIOS::Filesystem::FatHandler::Write(ProxiIOS::Filesystem::FileInfo*, unsigned char const*, int)
 .text._ZN8ProxiIOS10Filesystem10FatHandler4SeekEPNS0_8FileInfoEii
                0x13700214       0x10 file_fat_cpp.o
                0x13700214                ProxiIOS::Filesystem::FatHandler::Seek(ProxiIOS::Filesystem::FileInfo*, int, int)
 .text._ZN8ProxiIOS10Filesystem10FatHandler4TellEPNS0_8FileInfoE
                0x13700224        0xc file_fat_cpp.o
                0x13700224                ProxiIOS::Filesystem::FatHandler::Tell(ProxiIOS::Filesystem::FileInfo*)
 .text._ZN8ProxiIOS10Filesystem10FatHandler4SyncEPNS0_8FileInfoE
                0x13700230       0x10 file_fat_cpp.o
                0x13700230                ProxiIOS::Filesystem::FatHandler::Sync(ProxiIOS::Filesystem::FileInfo*)
 .text._ZN8ProxiIOS10Filesystem10FatHandler10CreateFileEPKc
                0x13700240       0x28 file_fat_cpp.o
                0x13700240                ProxiIOS::Filesystem::FatHandler::CreateFile(char const*)
 .text._ZN8ProxiIOS10Filesystem10FatHandler5CloseEPNS0_8FileInfoE
                0x13700268       0x1c file_fat_cpp.o
                0x13700268                ProxiIOS::Filesystem::FatHandler::Close(ProxiIOS::Filesystem::FileInfo*)
 .text._ZN8ProxiIOS10Filesystem10FatHandlerD0Ev
                0x13700284        0xc file_fat_cpp.o
                0x13700284                ProxiIOS::Filesystem::FatHandler::~FatHandler()
 .text._ZN8ProxiIOS10Filesystem10FatHandler4StatEPKcP6_stats
                0x13700290       0x34 file_fat_cpp.o
                0x13700290                ProxiIOS::Filesystem::FatHandler::Stat(char const*, _stats*)
 .text._ZN8ProxiIOS10Filesystem10FatHandler6DeleteEPKc
                0x137002c4       0x18 file_fat_cpp.o
                0x137002c4                ProxiIOS::Filesystem::FatHandler::Delete(char const*)
 .text._ZN8ProxiIOS10Filesystem10FatHandler6RenameEPKcS3_
                0x137002dc       0x1c file_fat_cpp.o
                0x137002dc                ProxiIOS::Filesystem::FatHandler::Rename(char const*, char const*)
 .text._ZN8ProxiIOS10Filesystem10FatHandler9CreateDirEPKc
                0x137002f8       0x18 file_fat_cpp.o
                0x137002f8                ProxiIOS::Filesystem::FatHandler::CreateDir(char const*)
 .text._ZN8ProxiIOS10Filesystem10FatHandler7OpenDirEPKc
                0x13700310       0x2c file_fat_cpp.o
                0x13700310                ProxiIOS::Filesystem::FatHandler::OpenDir(char const*)
 .text._ZN8ProxiIOS10Filesystem10FatHandler7NextDirEPNS0_8FileInfoEPcP6_stats
                0x1370033c       0x34 file_fat_cpp.o
                0x1370033c                ProxiIOS::Filesystem::FatHandler::NextDir(ProxiIOS::Filesystem::FileInfo*, char*, _stats*)
 .text._ZN8ProxiIOS10Filesystem10FatHandler8CloseDirEPNS0_8FileInfoE
                0x13700370       0x1c file_fat_cpp.o
                0x13700370                ProxiIOS::Filesystem::FatHandler::CloseDir(ProxiIOS::Filesystem::FileInfo*)
 .text._ZN8ProxiIOS10Filesystem10FatHandler8IdleTickEv
                0x1370038c       0x28 file_fat_cpp.o
                0x1370038c                ProxiIOS::Filesystem::FatHandler::IdleTick()
 .text._ZN8ProxiIOS10Filesystem10FatHandler12GetFreeSpaceEPy
                0x137003b4       0x30 file_fat_cpp.o
                0x137003b4                ProxiIOS::Filesystem::FatHandler::GetFreeSpace(unsigned long long*)
 .text._ZN8ProxiIOS10Filesystem17FilesystemHandler4SyncEPNS0_8FileInfoE
                0x137003e4        0x8 file_isfs_cpp.o
                0x137003e4                ProxiIOS::Filesystem::FilesystemHandler::Sync(ProxiIOS::Filesystem::FileInfo*)
 .text._ZN8ProxiIOS10Filesystem17FilesystemHandler6RenameEPKcS3_
                0x137003ec        0x8 file_isfs_cpp.o
                0x137003ec                ProxiIOS::Filesystem::FilesystemHandler::Rename(char const*, char const*)
 .text._ZN8ProxiIOS10Filesystem17FilesystemHandler9CreateDirEPKc
                0x137003f4        0x8 file_isfs_cpp.o
                0x137003f4                ProxiIOS::Filesystem::FilesystemHandler::CreateDir(char const*)
 .text._ZN8ProxiIOS10Filesystem17FilesystemHandler8IdleTickEv
                0x137003fc        0x8 file_isfs_cpp.o
                0x137003fc                ProxiIOS::Filesystem::FilesystemHandler::IdleTick()
 .text._ZN8ProxiIOS10Filesystem17FilesystemHandler12GetFreeSpaceEPy
                0x13700404        0x8 file_isfs_cpp.o
                0x13700404                ProxiIOS::Filesystem::FilesystemHandler::GetFreeSpace(unsigned long long*)
 .text._ZN8ProxiIOS10Filesystem11IsfsHandler13CheckPhysicalEv
                0x1370040c        0x4 file_isfs_cpp.o
                0x1370040c                ProxiIOS::Filesystem::IsfsHandler::CheckPhysical()
 .text._ZN8ProxiIOS10Filesystem11IsfsHandlerD2Ev
                0x13700410        0x4 file_isfs_cpp.o
                0x13700410                ProxiIOS::Filesystem::IsfsHandler::~IsfsHandler()
                0x13700410                ProxiIOS::Filesystem::IsfsHandler::~IsfsHandler()
 .text._ZN8ProxiIOS10Filesystem11IsfsHandler5MountEPKvi
                0x13700414       0x1c file_isfs_cpp.o
                0x13700414                ProxiIOS::Filesystem::IsfsHandler::Mount(void const*, int)
 .text._ZN8ProxiIOS10Filesystem11IsfsHandler7UnmountEv
                0x13700430       0x14 file_isfs_cpp.o
                0x13700430                ProxiIOS::Filesystem::IsfsHandler::Unmount()
 .text._ZN8ProxiIOS10Filesystem11IsfsHandler4OpenEPKci
                0x13700444       0x20 file_isfs_cpp.o
                0x13700444                ProxiIOS::Filesystem::IsfsHandler::Open(char const*, int)
 .text._ZN8ProxiIOS10Filesystem11IsfsHandler4ReadEPNS0_8FileInfoEPhi
                0x13700464       0x10 file_isfs_cpp.o
                0x13700464                ProxiIOS::Filesystem::IsfsHandler::Read(ProxiIOS::Filesystem::FileInfo*, unsigned char*, int)
 .text._ZN8ProxiIOS10Filesystem11IsfsHandler5WriteEPNS0_8FileInfoEPKhi
                0x13700474       0x10 file_isfs_cpp.o
                0x13700474                ProxiIOS::Filesystem::IsfsHandler::Write(ProxiIOS::Filesystem::FileInfo*, unsigned char const*, int)
 .text._ZN8ProxiIOS10Filesystem11IsfsHandler4SeekEPNS0_8FileInfoEii
                0x13700484       0x10 file_isfs_cpp.o
                0x13700484                ProxiIOS::Filesystem::IsfsHandler::Seek(ProxiIOS::Filesystem::FileInfo*, int, int)
 .text._ZN8ProxiIOS10Filesystem11IsfsHandler4TellEPNS0_8FileInfoE
                0x13700494       0x10 file_isfs_cpp.o
                0x13700494                ProxiIOS::Filesystem::IsfsHandler::Tell(ProxiIOS::Filesystem::FileInfo*)
 .text._ZN8ProxiIOS10Filesystem11IsfsHandler5CloseEPNS0_8FileInfoE
                0x137004a4       0x18 file_isfs_cpp.o
                0x137004a4                ProxiIOS::Filesystem::IsfsHandler::Close(ProxiIOS::Filesystem::FileInfo*)
 .text._ZN8ProxiIOS10Filesystem11IsfsHandlerD0Ev
                0x137004bc        0xc file_isfs_cpp.o
                0x137004bc                ProxiIOS::Filesystem::IsfsHandler::~IsfsHandler()
 .text._ZN8ProxiIOS10Filesystem11IsfsHandler4StatEPKcP6_stats
                0x137004c8       0xdc file_isfs_cpp.o
                0x137004c8                ProxiIOS::Filesystem::IsfsHandler::Stat(char const*, _stats*)
 .text._ZN8ProxiIOS10Filesystem11IsfsHandler10CreateFileEPKc
                0x137005a4       0x48 file_isfs_cpp.o
                0x137005a4                ProxiIOS::Filesystem::IsfsHandler::CreateFile(char const*)
 .text._ZN8ProxiIOS10Filesystem11IsfsHandler6DeleteEPKc
                0x137005ec       0x1c file_isfs_cpp.o
                0x137005ec                ProxiIOS::Filesystem::IsfsHandler::Delete(char const*)
 .text._ZN8ProxiIOS10Filesystem11IsfsHandler7NextDirEPNS0_8FileInfoEPcP6_stats
                0x13700608       0x74 file_isfs_cpp.o
                0x13700608                ProxiIOS::Filesystem::IsfsHandler::NextDir(ProxiIOS::Filesystem::FileInfo*, char*, _stats*)
 .text._ZN8ProxiIOS10Filesystem11IsfsHandler8CloseDirEPNS0_8FileInfoE
                0x1370067c       0x1c file_isfs_cpp.o
                0x1370067c                ProxiIOS::Filesystem::IsfsHandler::CloseDir(ProxiIOS::Filesystem::FileInfo*)
 .text._ZN8ProxiIOS10Filesystem11IsfsDirInfoC2EPNS0_17FilesystemHandlerEPKcjRi
                0x13700698       0x8c file_isfs_cpp.o
                0x13700698                ProxiIOS::Filesystem::IsfsDirInfo::IsfsDirInfo(ProxiIOS::Filesystem::FilesystemHandler*, char const*, unsigned int, int&)
                0x13700698                ProxiIOS::Filesystem::IsfsDirInfo::IsfsDirInfo(ProxiIOS::Filesystem::FilesystemHandler*, char const*, unsigned int, int&)
 .text._ZN8ProxiIOS10Filesystem11IsfsHandler7OpenDirEPKc
                0x13700724       0x84 file_isfs_cpp.o
                0x13700724                ProxiIOS::Filesystem::IsfsHandler::OpenDir(char const*)
 .text._ZN8ProxiIOS10Filesystem10RiiHandler4TellEPNS0_8FileInfoE
                0x137007a8        0x4 file_riifs_cpp.o
                0x137007a8                ProxiIOS::Filesystem::RiiHandler::Tell(ProxiIOS::Filesystem::FileInfo*)
 .text._ZN8ProxiIOS10Filesystem10RiiHandler12GetFreeSpaceEPy
                0x137007ac       0x14 file_riifs_cpp.o
                0x137007ac                ProxiIOS::Filesystem::RiiHandler::GetFreeSpace(unsigned long long*)
 .text._ZN8ProxiIOS10Filesystem10RiiHandler3LogEPKvi
                0x137007c0       0x4c file_riifs_cpp.o
                0x137007c0                ProxiIOS::Filesystem::RiiHandler::Log(void const*, int)
 .text._ZN8ProxiIOS10Filesystem10RiiHandler13CheckPhysicalEv
                0x1370080c       0x38 file_riifs_cpp.o
                0x1370080c                ProxiIOS::Filesystem::RiiHandler::CheckPhysical()
 .text._ZN8ProxiIOS10Filesystem10RiiHandler11SendCommandEiPKvi
                0x13700844       0xe4 file_riifs_cpp.o
                0x13700844                ProxiIOS::Filesystem::RiiHandler::SendCommand(int, void const*, int)
 .text._ZN8ProxiIOS10Filesystem10RiiHandler14ReceiveCommandEiPvi
                0x13700928      0x150 file_riifs_cpp.o
                0x13700928                ProxiIOS::Filesystem::RiiHandler::ReceiveCommand(int, void*, int)
 .text._ZN8ProxiIOS10Filesystem10RiiHandler7UnmountEv
                0x13700a78       0x3c file_riifs_cpp.o
                0x13700a78                ProxiIOS::Filesystem::RiiHandler::Unmount()
 .text._ZN8ProxiIOS10Filesystem10RiiHandler4OpenEPKci
                0x13700ab4       0x58 file_riifs_cpp.o
                0x13700ab4                ProxiIOS::Filesystem::RiiHandler::Open(char const*, int)
 .text._ZN8ProxiIOS10Filesystem10RiiHandler4SyncEPNS0_8FileInfoE
                0x13700b0c       0x34 file_riifs_cpp.o
                0x13700b0c                ProxiIOS::Filesystem::RiiHandler::Sync(ProxiIOS::Filesystem::FileInfo*)
 .text._ZN8ProxiIOS10Filesystem10RiiHandler5CloseEPNS0_8FileInfoE
                0x13700b40       0x30 file_riifs_cpp.o
                0x13700b40                ProxiIOS::Filesystem::RiiHandler::Close(ProxiIOS::Filesystem::FileInfo*)
 .text._ZN8ProxiIOS10Filesystem10RiiHandler4StatEPKcP6_stats
                0x13700b70       0x28 file_riifs_cpp.o
                0x13700b70                ProxiIOS::Filesystem::RiiHandler::Stat(char const*, _stats*)
 .text._ZN8ProxiIOS10Filesystem10RiiHandler10CreateFileEPKc
                0x13700b98       0x28 file_riifs_cpp.o
                0x13700b98                ProxiIOS::Filesystem::RiiHandler::CreateFile(char const*)
 .text._ZN8ProxiIOS10Filesystem10RiiHandler6DeleteEPKc
                0x13700bc0       0x28 file_riifs_cpp.o
                0x13700bc0                ProxiIOS::Filesystem::RiiHandler::Delete(char const*)
 .text._ZN8ProxiIOS10Filesystem10RiiHandler6RenameEPKcS3_
                0x13700be8       0x3c file_riifs_cpp.o
                0x13700be8                ProxiIOS::Filesystem::RiiHandler::Rename(char const*, char const*)
 .text._ZN8ProxiIOS10Filesystem10RiiHandler9CreateDirEPKc
                0x13700c24       0x28 file_riifs_cpp.o
                0x13700c24                ProxiIOS::Filesystem::RiiHandler::CreateDir(char const*)
 .text._ZN8ProxiIOS10Filesystem10RiiHandler7OpenDirEPKc
                0x13700c4c       0x44 file_riifs_cpp.o
                0x13700c4c                ProxiIOS::Filesystem::RiiHandler::OpenDir(char const*)
 .text._ZN8ProxiIOS10Filesystem10RiiHandler7NextDirEPNS0_8FileInfoEPcP6_stats
                0x13700c90       0x4c file_riifs_cpp.o
                0x13700c90                ProxiIOS::Filesystem::RiiHandler::NextDir(ProxiIOS::Filesystem::FileInfo*, char*, _stats*)
 .text._ZN8ProxiIOS10Filesystem10RiiHandler8CloseDirEPNS0_8FileInfoE
                0x13700cdc       0x2c file_riifs_cpp.o
                0x13700cdc                ProxiIOS::Filesystem::RiiHandler::CloseDir(ProxiIOS::Filesystem::FileInfo*)
 .text._ZN8ProxiIOS10Filesystem10RiiHandler8IdleTickEv
                0x13700d08       0x78 file_riifs_cpp.o
                0x13700d08                ProxiIOS::Filesystem::RiiHandler::IdleTick()
 .text._ZN8ProxiIOS10Filesystem10RiiHandlerD2Ev
                0x13700d80       0x3c file_riifs_cpp.o
                0x13700d80                ProxiIOS::Filesystem::RiiHandler::~RiiHandler()
                0x13700d80                ProxiIOS::Filesystem::RiiHandler::~RiiHandler()
 .text._ZN8ProxiIOS10Filesystem10RiiHandlerD0Ev
                0x13700dbc       0x40 file_riifs_cpp.o
                0x13700dbc                ProxiIOS::Filesystem::RiiHandler::~RiiHandler()
 .text._ZN8ProxiIOS10Filesystem10RiiHandler5MountEPKvi
                0x13700dfc      0x304 file_riifs_cpp.o
                0x13700dfc                ProxiIOS::Filesystem::RiiHandler::Mount(void const*, int)
 .text._ZN8ProxiIOS10Filesystem10RiiHandler7RiiSeekEPNS0_11RiiFileInfoEii
                0x13701100       0x40 file_riifs_cpp.o
                0x13701100                ProxiIOS::Filesystem::RiiHandler::RiiSeek(ProxiIOS::Filesystem::RiiFileInfo*, int, int)
 .text._ZN8ProxiIOS10Filesystem10RiiHandler4ReadEPNS0_8FileInfoEPhi
                0x13701140       0x60 file_riifs_cpp.o
                0x13701140                ProxiIOS::Filesystem::RiiHandler::Read(ProxiIOS::Filesystem::FileInfo*, unsigned char*, int)
 .text._ZN8ProxiIOS10Filesystem10RiiHandler5WriteEPNS0_8FileInfoEPKhi
                0x137011a0       0x5c file_riifs_cpp.o
                0x137011a0                ProxiIOS::Filesystem::RiiHandler::Write(ProxiIOS::Filesystem::FileInfo*, unsigned char const*, int)
 .text._ZN8ProxiIOS10Filesystem10RiiHandler4SeekEPNS0_8FileInfoEii
                0x137011fc       0x70 file_riifs_cpp.o
                0x137011fc                ProxiIOS::Filesystem::RiiHandler::Seek(ProxiIOS::Filesystem::FileInfo*, int, int)
 .text.startup.main
                0x1370126c       0x24 main_cpp.o
                0x1370126c                main
 .text.__wrap_mktime
                0x13701290        0x8 main_cpp.o
                0x13701290                __wrap_mktime
 .text._ZN8ProxiIOS6Module14HandleCallbackEP10ipcmessage
                0x13701298        0x4 module_cpp.o
                0x13701298                ProxiIOS::Module::HandleCallback(ipcmessage*)
 .text._ZN8ProxiIOS10Filesystem10Filesystem11HandleCloseEP10ipcmessage
                0x1370129c       0x38 module_cpp.o
                0x1370129c                ProxiIOS::Filesystem::Filesystem::HandleClose(ipcmessage*)
 .text._ZN8ProxiIOS10Filesystem10Filesystem10HandleSeekEP10ipcmessage
                0x137012d4       0x68 module_cpp.o
                0x137012d4                ProxiIOS::Filesystem::Filesystem::HandleSeek(ipcmessage*)
 .text._ZN8ProxiIOS10Filesystem10Filesystem11HandleWriteEP10ipcmessage
                0x1370133c       0x80 module_cpp.o
                0x1370133c                ProxiIOS::Filesystem::Filesystem::HandleWrite(ipcmessage*)
 .text._ZN8ProxiIOS10Filesystem10Filesystem12HandleIoctlvEP10ipcmessage
                0x137013bc       0xf4 module_cpp.o
                0x137013bc                ProxiIOS::Filesystem::Filesystem::HandleIoctlv(ipcmessage*)
 .text._ZN8ProxiIOS10Filesystem10Filesystem10HandleReadEP10ipcmessage
                0x137014b0       0x84 module_cpp.o
                0x137014b0                ProxiIOS::Filesystem::Filesystem::HandleRead(ipcmessage*)
 .text._ZN8ProxiIOS10Filesystem10Filesystem11HandleOtherEjRiRb
                0x13701534       0x64 module_cpp.o
                0x13701534                ProxiIOS::Filesystem::Filesystem::HandleOther(unsigned int, int&, bool&)
 .text._ZN8ProxiIOS10Filesystem10FilesystemC2Ev
                0x13701598       0xa0 module_cpp.o
                0x13701598                ProxiIOS::Filesystem::Filesystem::Filesystem()
                0x13701598                ProxiIOS::Filesystem::Filesystem::Filesystem()
 .text._ZN8ProxiIOS10Filesystem12FilePathDescC2EPNS0_10FilesystemEPKc
                0x13701638       0x90 module_cpp.o
                0x13701638                ProxiIOS::Filesystem::FilePathDesc::FilePathDesc(ProxiIOS::Filesystem::Filesystem*, char const*)
                0x13701638                ProxiIOS::Filesystem::FilePathDesc::FilePathDesc(ProxiIOS::Filesystem::Filesystem*, char const*)
 .text._ZN8ProxiIOS10Filesystem10Filesystem11HandleIoctlEP10ipcmessage
                0x137016c8      0x6fc module_cpp.o
                0x137016c8                ProxiIOS::Filesystem::Filesystem::HandleIoctl(ipcmessage*)
 .text._ZN8ProxiIOS10Filesystem10Filesystem10HandleOpenEP10ipcmessage
                0x13701dc4       0x84 module_cpp.o
                0x13701dc4                ProxiIOS::Filesystem::Filesystem::HandleOpen(ipcmessage*)
 .text.FAT_OpenDir
                0x13701e48       0x3c ../libfat/libfat.a(wrapper_c.o)
                0x13701e48                FAT_OpenDir
 .text.FAT_NextDir
                0x13701e84       0x20 ../libfat/libfat.a(wrapper_c.o)
                0x13701e84                FAT_NextDir
 .text.FAT_CloseDir
                0x13701ea4       0x28 ../libfat/libfat.a(wrapper_c.o)
                0x13701ea4                FAT_CloseDir
 .text.FAT_Open
                0x13701ecc       0x40 ../libfat/libfat.a(wrapper_c.o)
                0x13701ecc                FAT_Open
 .text.FAT_Close
                0x13701f0c       0x1c ../libfat/libfat.a(wrapper_c.o)
                0x13701f0c                FAT_Close
 .text.FAT_Read
                0x13701f28       0x1c ../libfat/libfat.a(wrapper_c.o)
                0x13701f28                FAT_Read
 .text.FAT_Write
                0x13701f44       0x20 ../libfat/libfat.a(wrapper_c.o)
                0x13701f44                FAT_Write
 .text.FAT_Flush
                0x13701f64       0x1c ../libfat/libfat.a(wrapper_c.o)
                0x13701f64                FAT_Flush
 .text.FAT_Seek
                0x13701f80       0x24 ../libfat/libfat.a(wrapper_c.o)
                0x13701f80                FAT_Seek
 .text.FAT_Tell
                0x13701fa4        0x4 ../libfat/libfat.a(wrapper_c.o)
                0x13701fa4                FAT_Tell
 .text.FAT_CreateDir
                0x13701fa8       0x30 ../libfat/libfat.a(wrapper_c.o)
                0x13701fa8                FAT_CreateDir
 .text.FAT_Delete
                0x13701fd8       0x1c ../libfat/libfat.a(wrapper_c.o)
                0x13701fd8                FAT_Delete
 .text.FAT_Rename
                0x13701ff4       0x20 ../libfat/libfat.a(wrapper_c.o)
                0x13701ff4                FAT_Rename
 .text.FAT_Stat
                0x13702014       0x24 ../libfat/libfat.a(wrapper_c.o)
                0x13702014                FAT_Stat
 .text.FAT_GetVfsStats
                0x13702038       0x20 ../libfat/libfat.a(wrapper_c.o)
                0x13702038                FAT_GetVfsStats
 .text._FAT_stat_r
                0x13702058       0x70 ../libfat/libfat.a(fatdir_c.o)
                0x13702058                _FAT_stat_r
 .text._FAT_link_r
                0x137020c8        0xc ../libfat/libfat.a(fatdir_c.o)
                0x137020c8                _FAT_link_r
 .text._FAT_unlink_r
                0x137020d4      0x138 ../libfat/libfat.a(fatdir_c.o)
                0x137020d4                _FAT_unlink_r
 .text._FAT_chdir_r
                0x1370220c       0x54 ../libfat/libfat.a(fatdir_c.o)
                0x1370220c                _FAT_chdir_r
 .text._FAT_rename_r
                0x13702260      0x150 ../libfat/libfat.a(fatdir_c.o)
                0x13702260                _FAT_rename_r
 .text._FAT_mkdir_r
                0x137023b0      0x234 ../libfat/libfat.a(fatdir_c.o)
                0x137023b0                _FAT_mkdir_r
 .text._FAT_statvfs_r
                0x137025e4       0x8c ../libfat/libfat.a(fatdir_c.o)
                0x137025e4                _FAT_statvfs_r
 .text._FAT_diropen_r
                0x13702670       0x98 ../libfat/libfat.a(fatdir_c.o)
                0x13702670                _FAT_diropen_r
 .text._FAT_dirreset_r
                0x13702708       0x34 ../libfat/libfat.a(fatdir_c.o)
                0x13702708                _FAT_dirreset_r
 .text._FAT_dirnext_r
                0x1370273c       0x5c ../libfat/libfat.a(fatdir_c.o)
                0x1370273c                _FAT_dirnext_r
 .text._FAT_dirclose_r
                0x13702798       0x10 ../libfat/libfat.a(fatdir_c.o)
                0x13702798                _FAT_dirclose_r
 .text._FAT_check_position_for_next_cluster
                0x137027a8       0x84 ../libfat/libfat.a(fatfile_c.o)
 .text._FAT_syncToDisc.part.0
                0x1370282c       0xe8 ../libfat/libfat.a(fatfile_c.o)
 .text._FAT_file_extend_r
                0x13702914      0x204 ../libfat/libfat.a(fatfile_c.o)
 .text._FAT_open_r
                0x13702b18      0x29c ../libfat/libfat.a(fatfile_c.o)
                0x13702b18                _FAT_open_r
 .text._FAT_syncToDisc
                0x13702db4       0x18 ../libfat/libfat.a(fatfile_c.o)
                0x13702db4                _FAT_syncToDisc
 .text._FAT_close_r
                0x13702dcc       0x60 ../libfat/libfat.a(fatfile_c.o)
                0x13702dcc                _FAT_close_r
 .text._FAT_read_r
                0x13702e2c      0x34c ../libfat/libfat.a(fatfile_c.o)
                0x13702e2c                _FAT_read_r
 .text._FAT_write_r
                0x13703178      0x4f8 ../libfat/libfat.a(fatfile_c.o)
                0x13703178                _FAT_write_r
 .text._FAT_seek_r
                0x13703670      0x150 ../libfat/libfat.a(fatfile_c.o)
                0x13703670                _FAT_seek_r
 .text._FAT_fstat_r
                0x137037c0       0x74 ../libfat/libfat.a(fatfile_c.o)
                0x137037c0                _FAT_fstat_r
 .text._FAT_ftruncate_r
                0x13703834      0x12c ../libfat/libfat.a(fatfile_c.o)
                0x13703834                _FAT_ftruncate_r
 .text._FAT_fsync_r
                0x13703960       0x24 ../libfat/libfat.a(fatfile_c.o)
                0x13703960                _FAT_fsync_r
 .text._FAT_fat_writeFatEntry.part.0.isra.0
                0x13703984      0x108 ../libfat/libfat.a(file_allocation_table_c.o)
 .text._FAT_fat_nextCluster
                0x13703a8c       0xe8 ../libfat/libfat.a(file_allocation_table_c.o)
                0x13703a8c                _FAT_fat_nextCluster
 .text._FAT_fat_linkFreeCluster
                0x13703b74       0xa8 ../libfat/libfat.a(file_allocation_table_c.o)
                0x13703b74                _FAT_fat_linkFreeCluster
 .text._FAT_fat_linkFreeClusterCleared
                0x13703c1c       0x74 ../libfat/libfat.a(file_allocation_table_c.o)
                0x13703c1c                _FAT_fat_linkFreeClusterCleared
 .text._FAT_fat_clearLinks
                0x13703c90       0x78 ../libfat/libfat.a(file_allocation_table_c.o)
                0x13703c90                _FAT_fat_clearLinks
 .text._FAT_fat_trimChain
                0x13703d08       0x8c ../libfat/libfat.a(file_allocation_table_c.o)
                0x13703d08                _FAT_fat_trimChain
 .text._FAT_fat_lastCluster
                0x13703d94       0x34 ../libfat/libfat.a(file_allocation_table_c.o)
                0x13703d94                _FAT_fat_lastCluster
 .text._FAT_fat_freeClusterCount
                0x13703dc8       0x2c ../libfat/libfat.a(file_allocation_table_c.o)
                0x13703dc8                _FAT_fat_freeClusterCount
 .text._FAT_filetime_getTimeFromRTC
                0x13703df4        0x4 ../libfat/libfat.a(filetime_c.o)
                0x13703df4                _FAT_filetime_getTimeFromRTC
 .text._FAT_filetime_getDateFromRTC
                0x13703df8        0x4 ../libfat/libfat.a(filetime_c.o)
                0x13703df8                _FAT_filetime_getDateFromRTC
 .text._FAT_filetime_to_time_t
                0x13703dfc       0x38 ../libfat/libfat.a(filetime_c.o)
                0x13703dfc                _FAT_filetime_to_time_t
 .text.fatMount
                0x13703e34       0xc0 ../libfat/libfat.a(libfat_c.o)
                0x13703e34                fatMount
 .text.fatUnmount
                0x13703ef4       0x3c ../libfat/libfat.a(libfat_c.o)
                0x13703ef4                fatUnmount
 .text.fatSync  0x13703f30       0x2c ../libfat/libfat.a(libfat_c.o)
                0x13703f30                fatSync
 .text._FAT_partition_writeFSinfo.part.0
                0x13703f5c       0xb4 ../libfat/libfat.a(partition_c.o)
 .text.FindFirstValidPartition_buf
                0x13704010      0x3d0 ../libfat/libfat.a(partition_c.o)
                0x13704010                FindFirstValidPartition_buf
 .text._FAT_partition_destructor
                0x137043e0       0x34 ../libfat/libfat.a(partition_c.o)
                0x137043e0                _FAT_partition_destructor
 .text._FAT_partition_getPartitionFromPath
                0x13704414       0x10 ../libfat/libfat.a(partition_c.o)
                0x13704414                _FAT_partition_getPartitionFromPath
 .text._FAT_partition_createFSinfo
                0x13704424       0xc0 ../libfat/libfat.a(partition_c.o)
                0x13704424                _FAT_partition_createFSinfo
 .text._FAT_partition_readFSinfo.part.0
                0x137044e4       0xd4 ../libfat/libfat.a(partition_c.o)
 .text._FAT_partition_constructor_buf
                0x137045b8      0x3ec ../libfat/libfat.a(partition_c.o)
                0x137045b8                _FAT_partition_constructor_buf
 .text._FAT_partition_constructor
                0x137049a4       0x44 ../libfat/libfat.a(partition_c.o)
                0x137049a4                _FAT_partition_constructor
 .text._FAT_cache_getPage
                0x137049e8      0x1b0 ../libfat/libfat.a(cache_c.o)
 .text._FAT_cache_constructor
                0x13704b98       0xd4 ../libfat/libfat.a(cache_c.o)
                0x13704b98                _FAT_cache_constructor
 .text._FAT_cache_readSectors
                0x13704c6c       0x64 ../libfat/libfat.a(cache_c.o)
                0x13704c6c                _FAT_cache_readSectors
 .text._FAT_cache_readPartialSector
                0x13704cd0       0x50 ../libfat/libfat.a(cache_c.o)
                0x13704cd0                _FAT_cache_readPartialSector
 .text._FAT_cache_readLittleEndianValue
                0x13704d20       0xa8 ../libfat/libfat.a(cache_c.o)
                0x13704d20                _FAT_cache_readLittleEndianValue
 .text._FAT_cache_writePartialSector
                0x13704dc8       0x4c ../libfat/libfat.a(cache_c.o)
                0x13704dc8                _FAT_cache_writePartialSector
 .text._FAT_cache_writeLittleEndianValue
                0x13704e14       0x8c ../libfat/libfat.a(cache_c.o)
                0x13704e14                _FAT_cache_writeLittleEndianValue
 .text._FAT_cache_eraseWritePartialSector
                0x13704ea0       0x64 ../libfat/libfat.a(cache_c.o)
                0x13704ea0                _FAT_cache_eraseWritePartialSector
 .text._FAT_cache_writeSectors
                0x13704f04       0xd4 ../libfat/libfat.a(cache_c.o)
                0x13704f04                _FAT_cache_writeSectors
 .text._FAT_cache_flush
                0x13704fd8       0x3c ../libfat/libfat.a(cache_c.o)
                0x13704fd8                _FAT_cache_flush
 .text._FAT_cache_destructor
                0x13705014       0x34 ../libfat/libfat.a(cache_c.o)
                0x13705014                _FAT_cache_destructor
 .text._FAT_directory_entryGetAlias
                0x13705048       0xc8 ../libfat/libfat.a(directory_c.o)
 .text._FAT_directory_incrementDirEntryPosition
                0x13705110       0x80 ../libfat/libfat.a(directory_c.o)
 .text._FAT_directory_mbsncasecmp
                0x13705190       0xa4 ../libfat/libfat.a(directory_c.o)
 .text._FAT_directory_ucs2tombs.constprop.0
                0x13705234       0x98 ../libfat/libfat.a(directory_c.o)
 .text._FAT_directory_entryGetCluster
                0x137052cc       0x2c ../libfat/libfat.a(directory_c.o)
                0x137052cc                _FAT_directory_entryGetCluster
 .text._FAT_directory_getNextEntry
                0x137052f8      0x200 ../libfat/libfat.a(directory_c.o)
                0x137052f8                _FAT_directory_getNextEntry
 .text._FAT_directory_entryExists
                0x137054f8       0x98 ../libfat/libfat.a(directory_c.o)
 .text._FAT_directory_getFirstEntry
                0x13705590       0x20 ../libfat/libfat.a(directory_c.o)
                0x13705590                _FAT_directory_getFirstEntry
 .text._FAT_directory_getRootEntry
                0x137055b0       0x60 ../libfat/libfat.a(directory_c.o)
                0x137055b0                _FAT_directory_getRootEntry
 .text._FAT_directory_entryFromPosition
                0x13705610      0x138 ../libfat/libfat.a(directory_c.o)
                0x13705610                _FAT_directory_entryFromPosition
 .text._FAT_directory_entryFromPath
                0x13705748      0x224 ../libfat/libfat.a(directory_c.o)
                0x13705748                _FAT_directory_entryFromPath
 .text._FAT_directory_removeEntry
                0x1370596c       0xe0 ../libfat/libfat.a(directory_c.o)
                0x1370596c                _FAT_directory_removeEntry
 .text._FAT_directory_addEntry
                0x13705a4c      0x8ac ../libfat/libfat.a(directory_c.o)
                0x13705a4c                _FAT_directory_addEntry
 .text._FAT_directory_chdir
                0x137062f8       0x58 ../libfat/libfat.a(directory_c.o)
                0x137062f8                _FAT_directory_chdir
 .text._FAT_directory_entryStat
                0x13706350      0x16c ../libfat/libfat.a(directory_c.o)
                0x13706350                _FAT_directory_entryStat
 .text._ZN8ProxiIOS6Module11HandleCloseEP10ipcmessage
                0x137064bc        0xc ../../libios/libios.a(proxiios_cpp.o)
                0x137064bc                ProxiIOS::Module::HandleClose(ipcmessage*)
 .text._ZN8ProxiIOS6Module11HandleIoctlEP10ipcmessage
                0x137064c8        0x8 ../../libios/libios.a(proxiios_cpp.o)
                0x137064c8                ProxiIOS::Module::HandleIoctl(ipcmessage*)
 .text._ZN8ProxiIOS6Module12HandleIoctlvEP10ipcmessage
                0x137064d0        0x8 ../../libios/libios.a(proxiios_cpp.o)
                0x137064d0                ProxiIOS::Module::HandleIoctlv(ipcmessage*)
 .text._ZN8ProxiIOS6Module10HandleReadEP10ipcmessage
                0x137064d8        0x8 ../../libios/libios.a(proxiios_cpp.o)
                0x137064d8                ProxiIOS::Module::HandleRead(ipcmessage*)
 .text._ZN8ProxiIOS6Module11HandleWriteEP10ipcmessage
                0x137064e0        0x8 ../../libios/libios.a(proxiios_cpp.o)
                0x137064e0                ProxiIOS::Module::HandleWrite(ipcmessage*)
 .text._ZN8ProxiIOS6Module10HandleSeekEP10ipcmessage
                0x137064e8        0x8 ../../libios/libios.a(proxiios_cpp.o)
                0x137064e8                ProxiIOS::Module::HandleSeek(ipcmessage*)
 .text._ZN8ProxiIOS6Module11HandleOtherEjRiRb
                0x137064f0        0xc ../../libios/libios.a(proxiios_cpp.o)
                0x137064f0                ProxiIOS::Module::HandleOther(unsigned int, int&, bool&)
 .text._ZN8ProxiIOS6Module10HandleOpenEP10ipcmessage
                0x137064fc       0x34 ../../libios/libios.a(proxiios_cpp.o)
                0x137064fc                ProxiIOS::Module::HandleOpen(ipcmessage*)
 .text._ZN8ProxiIOS6ModuleC2EPKc
                0x13706530       0x40 ../../libios/libios.a(proxiios_cpp.o)
                0x13706530                ProxiIOS::Module::Module(char const*)
                0x13706530                ProxiIOS::Module::Module(char const*)
 .text._ZN8ProxiIOS6Module4LoopEv
                0x13706570      0x100 ../../libios/libios.a(proxiios_cpp.o)
                0x13706570                ProxiIOS::Module::Loop()
 .text.gpio_set_on
                0x13706670       0x40 ../../libios/libios.a(gpio_c.o)
                0x13706670                gpio_set_on
 .text.gpio_set_toggle
                0x137066b0       0x4c ../../libios/libios.a(gpio_c.o)
                0x137066b0                gpio_set_toggle
 .text.gpio_enable_toggle
                0x137066fc       0x10 ../../libios/libios.a(gpio_c.o)
                0x137066fc                gpio_enable_toggle
 .text.gpio_disable_toggle
                0x1370670c       0x10 ../../libios/libios.a(gpio_c.o)
                0x1370670c                gpio_disable_toggle
 .text.InitializeHeap
                0x1370671c       0x3c ../../libios/libios.a(mem_c.o)
                0x1370671c                InitializeHeap
 .text.Alloc    0x13706758       0x2c ../../libios/libios.a(mem_c.o)
                0x13706758                Alloc
 .text.Memalign
                0x13706784       0x2c ../../libios/libios.a(mem_c.o)
                0x13706784                Memalign
 .text.Dealloc  0x137067b0       0x28 ../../libios/libios.a(mem_c.o)
                0x137067b0                Dealloc
 .text.Realloc  0x137067d8       0x2c ../../libios/libios.a(mem_c.o)
                0x137067d8                Realloc
 .text.inet_aton
                0x13706804      0x14c ../../libios/libios.a(network_common_c.o)
                0x13706804                inet_aton
 .text.inet_ntoa
                0x13706950       0xa8 ../../libios/libios.a(network_common_c.o)
                0x13706950                inet_ntoa
 .text.net_gethostip.part.0
                0x137069f8       0x3c ../../libios/libios.a(network_wii_c.o)
 .text.NCDGetLinkStatus
                0x13706a34       0x9c ../../libios/libios.a(network_wii_c.o)
                0x13706a34                NCDGetLinkStatus
 .text.net_init
                0x13706ad0      0x128 ../../libios/libios.a(network_wii_c.o)
                0x13706ad0                net_init
 .text.net_gethostbyname_async
                0x13706bf8      0x250 ../../libios/libios.a(network_wii_c.o)
                0x13706bf8                net_gethostbyname_async
 .text.ProcessPacket
                0x13706e48       0x94 ../../libios/libios.a(network_wii_c.o)
                0x13706e48                ProcessPacket
 .text.net_connect
                0x13706edc       0xa8 ../../libios/libios.a(network_wii_c.o)
                0x13706edc                net_connect
 .text.net_sendto
                0x13706f84      0x14c ../../libios/libios.a(network_wii_c.o)
                0x13706f84                net_sendto
 .text.net_send
                0x137070d0       0x14 ../../libios/libios.a(network_wii_c.o)
                0x137070d0                net_send
 .text.net_recvfrom
                0x137070e4      0x1d8 ../../libios/libios.a(network_wii_c.o)
                0x137070e4                net_recvfrom
 .text.net_recv
                0x137072bc       0x14 ../../libios/libios.a(network_wii_c.o)
                0x137072bc                net_recv
 .text.net_close
                0x137072d0       0x5c ../../libios/libios.a(network_wii_c.o)
                0x137072d0                net_close
 .text.net_setsockopt
                0x1370732c       0xb0 ../../libios/libios.a(network_wii_c.o)
                0x1370732c                net_setsockopt
 .text.net_socket
                0x137073dc       0xb4 ../../libios/libios.a(network_wii_c.o)
                0x137073dc                net_socket
 .text.net_ioctl
                0x13707490       0xd4 ../../libios/libios.a(network_wii_c.o)
                0x13707490                net_ioctl
 .text.net_getnbhostbyname_async
                0x13707564      0x1f0 ../../libios/libios.a(network_wii_c.o)
                0x13707564                net_getnbhostbyname_async
 .text.RTC_Init
                0x13707754       0x48 ../../libios/libios.a(rtc_c.o)
                0x13707754                RTC_Init
 .text.RTC_Update
                0x1370779c       0x38 ../../libios/libios.a(rtc_c.o)
                0x1370779c                RTC_Update
 .text.Timer_Init
                0x137077d4       0x40 ../../libios/libios.a(timer_c.o)
                0x137077d4                Timer_Init
 .text.Timer_Sleep
                0x13707814       0x5c ../../libios/libios.a(timer_c.o)
                0x13707814                Timer_Sleep
 .text.__usbstorage_ClearStatus
                0x13707870        0x4 ../../libios/libios.a(usbstorage_c.o)
 .text.__send_cbw
                0x13707874       0xe0 ../../libios/libios.a(usbstorage_c.o)
 .text.__usbstorage_reset
                0x13707954       0x54 ../../libios/libios.a(usbstorage_c.o)
 .text.__read_csw
                0x137079a8       0xb8 ../../libios/libios.a(usbstorage_c.o)
 .text.__cycle.constprop.0
                0x13707a60      0x288 ../../libios/libios.a(usbstorage_c.o)
 .text.USBStorage_Open
                0x13707ce8      0x2c4 ../../libios/libios.a(usbstorage_c.o)
                0x13707ce8                USBStorage_Open
 .text.USBStorage_Close
                0x13707fac       0x44 ../../libios/libios.a(usbstorage_c.o)
                0x13707fac                USBStorage_Close
 .text.__usbstorage_Shutdown
                0x13707ff0       0x24 ../../libios/libios.a(usbstorage_c.o)
 .text.USBStorage_ReadCapacity
                0x13708014       0x84 ../../libios/libios.a(usbstorage_c.o)
                0x13708014                USBStorage_ReadCapacity
 .text.USBStorage_MountLUN
                0x13708098       0xe8 ../../libios/libios.a(usbstorage_c.o)
                0x13708098                USBStorage_MountLUN
 .text.USBStorage_StartStop
                0x13708180       0xa0 ../../libios/libios.a(usbstorage_c.o)
                0x13708180                USBStorage_StartStop
 .text.__usbstorage_IsInserted
                0x13708220      0x260 ../../libios/libios.a(usbstorage_c.o)
 .text.__usbstorage_Startup
                0x13708480        0x8 ../../libios/libios.a(usbstorage_c.o)
 .text.USBStorage_Read
                0x13708488       0x7c ../../libios/libios.a(usbstorage_c.o)
                0x13708488                USBStorage_Read
 .text.__usbstorage_ReadSectors
                0x13708504       0x5c ../../libios/libios.a(usbstorage_c.o)
 .text.USBStorage_Write
                0x13708560       0x6c ../../libios/libios.a(usbstorage_c.o)
                0x13708560                USBStorage_Write
 .text.__usbstorage_WriteSectors
                0x137085cc       0x5c ../../libios/libios.a(usbstorage_c.o)
 .text.sdio_ClearStatus
                0x13708628        0x4 ../../libios/libios.a(wiisd_c.o)
                0x13708628                sdio_ClearStatus
 .text.__sdio_gethcr.constprop.0
                0x1370862c       0x60 ../../libios/libios.a(wiisd_c.o)
 .text.__sdio_sendcommand.constprop.0
                0x1370868c       0xc8 ../../libios/libios.a(wiisd_c.o)
 .text.sdio_Shutdown
                0x13708754       0x34 ../../libios/libios.a(wiisd_c.o)
                0x13708754                sdio_Shutdown
 .text.sdio_IsInserted
                0x13708788       0x3c ../../libios/libios.a(wiisd_c.o)
                0x13708788                sdio_IsInserted
 .text.sdio_Startup
                0x137087c4      0x264 ../../libios/libios.a(wiisd_c.o)
                0x137087c4                sdio_Startup
 .text.sdio_Transfer
                0x13708a28       0x88 ../../libios/libios.a(wiisd_c.o)
                0x13708a28                sdio_Transfer
 .text.sdio_ReadSectors
                0x13708ab0       0x10 ../../libios/libios.a(wiisd_c.o)
                0x13708ab0                sdio_ReadSectors
 .text.sdio_WriteSectors
                0x13708ac0       0x10 ../../libios/libios.a(wiisd_c.o)
                0x13708ac0                sdio_WriteSectors
 .text          0x13708ad0      0x1b8 ../../libios/libios.a(asyscalls_s.o)
                0x13708ad0                os_thread_create
                0x13708ad8                os_get_thread_id
                0x13708ae0                os_get_parent_thread_id
                0x13708ae8                os_thread_continue
                0x13708af0                os_thread_stop
                0x13708af8                os_thread_yield
                0x13708b00                os_thread_get_priority
                0x13708b08                os_thread_set_priority
                0x13708b10                os_message_queue_create
                0x13708b18                os_message_queue_destroy
                0x13708b20                os_message_queue_send
                0x13708b28                os_message_queue_send_now
                0x13708b30                os_message_queue_receive
                0x13708b38                os_create_timer
                0x13708b40                os_restart_timer
                0x13708b48                os_stop_timer
                0x13708b50                os_destroy_timer
                0x13708b58                os_time_now
                0x13708b60                os_heap_create
                0x13708b68                os_heap_destroy
                0x13708b70                os_heap_alloc
                0x13708b78                os_heap_alloc_aligned
                0x13708b80                os_heap_free
                0x13708b88                os_device_register
                0x13708b90                os_open
                0x13708b98                os_close
                0x13708ba0                os_read
                0x13708ba8                os_write
                0x13708bb0                os_seek
                0x13708bb8                os_ioctl
                0x13708bc0                os_ioctlv
                0x13708bc8                os_open_async
                0x13708bd0                os_close_async
                0x13708bd8                os_read_async
                0x13708be0                os_write_async
                0x13708be8                os_seek_async
                0x13708bf0                os_ioctl_async
                0x13708bf8                os_ioctlv_async
                0x13708c00                os_message_queue_ack
                0x13708c08                os_sync_before_read
                0x13708c10                os_sync_after_write
                0x13708c18                os_debug_print
                0x13708c20                os_syscall_50
                0x13708c28                os_poke_gpios
                0x13708c30                os_create_key
                0x13708c38                os_destroy_key
                0x13708c40                os_init_key
                0x13708c48                os_set_sig_info
                0x13708c50                os_calc_ecdh_shared
                0x13708c58                os_get_4byte_key
                0x13708c60                os_aes_encrypt
                0x13708c68                os_aes_decrypt
                0x13708c70                os_crash
                0x13708c78                os_puts
 .text.InitializeLock
                0x13708c88       0x30 ../../libios/libios.a(lock_c.o)
                0x13708c88                InitializeLock
 .text.GetLock  0x13708cb8       0x2c ../../libios/libios.a(lock_c.o)
                0x13708cb8                GetLock
 .text.ReleaseLock
                0x13708ce4       0x10 ../../libios/libios.a(lock_c.o)
                0x13708ce4                ReleaseLock
 .text.__lwp_heap_free.part.0
                0x13708cf4       0xd4 ../../libios/libios.a(lwp_heap_c.o)
 .text.__lwp_heap_init
                0x13708dc8       0x50 ../../libios/libios.a(lwp_heap_c.o)
                0x13708dc8                __lwp_heap_init
 .text.__lwp_heap_allocate
                0x13708e18       0x98 ../../libios/libios.a(lwp_heap_c.o)
                0x13708e18                __lwp_heap_allocate
 .text.__lwp_heap_free
                0x13708eb0       0x14 ../../libios/libios.a(lwp_heap_c.o)
                0x13708eb0                __lwp_heap_free
 .text.__lwp_heap_realloc
                0x13708ec4       0x68 ../../libios/libios.a(lwp_heap_c.o)
                0x13708ec4                __lwp_heap_realloc
 .text.__usb_control_message
                0x13708f2c      0x14c ../../libios/libios.a(usb_c.o)
 .text.__usb_interrupt_bulk_message
                0x13709078       0xec ../../libios/libios.a(usb_c.o)
 .text.USB_FreeDescriptors.part.0
                0x13709164       0xe0 ../../libios/libios.a(usb_c.o)
 .text.USB_CloseDevice
                0x13709244       0x4c ../../libios/libios.a(usb_c.o)
                0x13709244                USB_CloseDevice
 .text.USB_OpenDevice
                0x13709290      0x160 ../../libios/libios.a(usb_c.o)
                0x13709290                USB_OpenDevice
 .text.USB_GetDescriptors
                0x137093f0      0x3f0 ../../libios/libios.a(usb_c.o)
                0x137093f0                USB_GetDescriptors
 .text.USB_FreeDescriptors
                0x137097e0       0x20 ../../libios/libios.a(usb_c.o)
                0x137097e0                USB_FreeDescriptors
 .text.USB_WriteBlkMsg
                0x13709800       0x54 ../../libios/libios.a(usb_c.o)
                0x13709800                USB_WriteBlkMsg
 .text.USB_WriteCtrlMsg
                0x13709854       0x60 ../../libios/libios.a(usb_c.o)
                0x13709854                USB_WriteCtrlMsg
 .text.USB_ResumeDevice
                0x137098b4       0x18 ../../libios/libios.a(usb_c.o)
                0x137098b4                USB_ResumeDevice
 .text.USB_GetDeviceList
                0x137098cc       0xa0 ../../libios/libios.a(usb_c.o)
                0x137098cc                USB_GetDeviceList
 .text.USB_SetConfiguration
                0x1370996c       0x1c ../../libios/libios.a(usb_c.o)
                0x1370996c                USB_SetConfiguration
 .text.USB_GetConfiguration
                0x13709988       0x44 ../../libios/libios.a(usb_c.o)
                0x13709988                USB_GetConfiguration
 .text.USB_SetAlternativeInterface
                0x137099cc       0x28 ../../libios/libios.a(usb_c.o)
                0x137099cc                USB_SetAlternativeInterface
 .text          0x137099f4      0x11c C:/devkitPro/devkitARM/bin/../lib/gcc/arm-none-eabi/14.1.0/thumb/be\libgcc.a(_udivsi3.o)
                0x137099f4                __aeabi_uidiv
                0x137099f4                __udivsi3
                0x13709af0                __aeabi_uidivmod
 .text          0x13709b10      0x150 C:/devkitPro/devkitARM/bin/../lib/gcc/arm-none-eabi/14.1.0/thumb/be\libgcc.a(_divsi3.o)
                0x13709b10                __divsi3
                0x13709b10                __aeabi_idiv
                0x13709c40                __aeabi_idivmod
 .text          0x13709c60        0x4 C:/devkitPro/devkitARM/bin/../lib/gcc/arm-none-eabi/14.1.0/thumb/be\libgcc.a(_dvmd_tls.o)
                0x13709c60                __aeabi_idiv0
                0x13709c60                __aeabi_ldiv0
 .text.__muldi3
                0x13709c64       0x60 C:/devkitPro/devkitARM/bin/../lib/gcc/arm-none-eabi/14.1.0/thumb/be\libgcc.a(_muldi3.o)
                0x13709c64                __muldi3
                0x13709c64                __aeabi_lmul
 .text.strncmp  0x13709cc4       0x6c C:/devkitPro/devkitARM/bin/../lib/gcc/arm-none-eabi/14.1.0/../../../../arm-none-eabi/lib/thumb/be\libg.a(libc_a-strncmp.o)
                0x13709cc4                strncmp
 .text.strchr   0x13709d30       0xc8 C:/devkitPro/devkitARM/bin/../lib/gcc/arm-none-eabi/14.1.0/../../../../arm-none-eabi/lib/thumb/be\libg.a(libc_a-strchr.o)
                0x13709d30                strchr
 .text.strlen   0x13709df8       0x60 C:/devkitPro/devkitARM/bin/../lib/gcc/arm-none-eabi/14.1.0/../../../../arm-none-eabi/lib/thumb/be\libg.a(libc_a-strlen-stub.o)
                0x13709df8                strlen
 .text.memmove  0x13709e58       0xcc C:/devkitPro/devkitARM/bin/../lib/gcc/arm-none-eabi/14.1.0/../../../../arm-none-eabi/lib/thumb/be\libg.a(libc_a-memmove.o)
                0x13709e58                memmove
 .text.__locale_mb_cur_max
                0x13709f24       0x20 C:/devkitPro/devkitARM/bin/../lib/gcc/arm-none-eabi/14.1.0/../../../../arm-none-eabi/lib/thumb/be\libg.a(libc_a-locale.o)
                0x13709f24                __locale_mb_cur_max
 .text.strcat   0x13709f44       0x50 C:/devkitPro/devkitARM/bin/../lib/gcc/arm-none-eabi/14.1.0/../../../../arm-none-eabi/lib/thumb/be\libg.a(libc_a-strcat.o)
                0x13709f44                strcat
 .text.memcmp   0x13709f94       0x4c C:/devkitPro/devkitARM/bin/../lib/gcc/arm-none-eabi/14.1.0/../../../../arm-none-eabi/lib/thumb/be\libg.a(libc_a-memcmp.o)
                0x13709f94                memcmp
 .text.__utf8_mbtowc
                0x13709fe0      0x234 C:/devkitPro/devkitARM/bin/../lib/gcc/arm-none-eabi/14.1.0/../../../../arm-none-eabi/lib/thumb/be\libg.a(libc_a-mbtowc_r.o)
                0x13709fe0                __utf8_mbtowc
 .text.strrchr  0x1370a214       0x30 C:/devkitPro/devkitARM/bin/../lib/gcc/arm-none-eabi/14.1.0/../../../../arm-none-eabi/lib/thumb/be\libg.a(libc_a-strrchr.o)
                0x1370a214                strrchr
 .text.wcrtomb  0x1370a244       0x88 C:/devkitPro/devkitARM/bin/../lib/gcc/arm-none-eabi/14.1.0/../../../../arm-none-eabi/lib/thumb/be\libg.a(libc_a-wcrtomb.o)
                0x1370a244                wcrtomb
 .text.towupper
                0x1370a2cc       0x10 C:/devkitPro/devkitARM/bin/../lib/gcc/arm-none-eabi/14.1.0/../../../../arm-none-eabi/lib/thumb/be\libg.a(libc_a-towupper.o)
                0x1370a2cc                towupper
 .text.strpbrk  0x1370a2dc       0x3c C:/devkitPro/devkitARM/bin/../lib/gcc/arm-none-eabi/14.1.0/../../../../arm-none-eabi/lib/thumb/be\libg.a(libc_a-strpbrk.o)
                0x1370a2dc                strpbrk
 .text.strnlen  0x1370a318       0x24 C:/devkitPro/devkitARM/bin/../lib/gcc/arm-none-eabi/14.1.0/../../../../arm-none-eabi/lib/thumb/be\libg.a(libc_a-strnlen.o)
                0x1370a318                strnlen
 .text.stpcpy   0x1370a33c       0x4c C:/devkitPro/devkitARM/bin/../lib/gcc/arm-none-eabi/14.1.0/../../../../arm-none-eabi/lib/thumb/be\libg.a(libc_a-stpcpy.o)
                0x1370a33c                stpcpy
 .text.__errno  0x1370a388        0xc C:/devkitPro/devkitARM/bin/../lib/gcc/arm-none-eabi/14.1.0/../../../../arm-none-eabi/lib/thumb/be\libg.a(libc_a-errno.o)
                0x1370a388                __errno
 .text.memcpy   0x1370a394       0xb0 C:/devkitPro/devkitARM/bin/../lib/gcc/arm-none-eabi/14.1.0/../../../../arm-none-eabi/lib/thumb/be\libg.a(libc_a-memcpy-stub.o)
                0x1370a394                memcpy
 .text.wctob    0x1370a444       0x58 C:/devkitPro/devkitARM/bin/../lib/gcc/arm-none-eabi/14.1.0/../../../../arm-none-eabi/lib/thumb/be\libg.a(libc_a-wctob.o)
                0x1370a444                wctob
 .text.memset   0x1370a49c       0x98 C:/devkitPro/devkitARM/bin/../lib/gcc/arm-none-eabi/14.1.0/../../../../arm-none-eabi/lib/thumb/be\libg.a(libc_a-memset.o)
                0x1370a49c                memset
 .text.strncasecmp
                0x1370a534       0x54 C:/devkitPro/devkitARM/bin/../lib/gcc/arm-none-eabi/14.1.0/../../../../arm-none-eabi/lib/thumb/be\libg.a(libc_a-strncasecmp.o)
                0x1370a534                strncasecmp
 .text.strcpy   0x1370a588       0x10 C:/devkitPro/devkitARM/bin/../lib/gcc/arm-none-eabi/14.1.0/../../../../arm-none-eabi/lib/thumb/be\libg.a(libc_a-strcpy.o)
                0x1370a588                strcpy
 .text.__utf8_wctomb
                0x1370a598       0xb4 C:/devkitPro/devkitARM/bin/../lib/gcc/arm-none-eabi/14.1.0/../../../../arm-none-eabi/lib/thumb/be\libg.a(libc_a-wctomb_r.o)
                0x1370a598                __utf8_wctomb
 .text.mbsrtowcs
                0x1370a64c       0x28 C:/devkitPro/devkitARM/bin/../lib/gcc/arm-none-eabi/14.1.0/../../../../arm-none-eabi/lib/thumb/be\libg.a(libc_a-mbsrtowcs.o)
                0x1370a64c                mbsrtowcs
 .text.strncpy  0x1370a674       0x68 C:/devkitPro/devkitARM/bin/../lib/gcc/arm-none-eabi/14.1.0/../../../../arm-none-eabi/lib/thumb/be\libg.a(libc_a-strncpy.o)
                0x1370a674                strncpy
 .text          0x1370a6dc      0x234 C:/devkitPro/devkitARM/bin/../lib/gcc/arm-none-eabi/14.1.0/../../../../arm-none-eabi/lib/thumb/be\libg.a(libc_a-strcmp.o)
                0x1370a6dc                strcmp
 .text.towlower
                0x1370a910       0x10 C:/devkitPro/devkitARM/bin/../lib/gcc/arm-none-eabi/14.1.0/../../../../arm-none-eabi/lib/thumb/be\libg.a(libc_a-towlower.o)
                0x1370a910                towlower
 .text._mbrtowc_r
                0x1370a920       0x90 C:/devkitPro/devkitARM/bin/../lib/gcc/arm-none-eabi/14.1.0/../../../../arm-none-eabi/lib/thumb/be\libg.a(libc_a-mbrtowc.o)
                0x1370a920                _mbrtowc_r
 .text.mbrtowc  0x1370a9b0       0x94 C:/devkitPro/devkitARM/bin/../lib/gcc/arm-none-eabi/14.1.0/../../../../arm-none-eabi/lib/thumb/be\libg.a(libc_a-mbrtowc.o)
                0x1370a9b0                mbrtowc
 .text.towctrans
                0x1370aa44       0x28 C:/devkitPro/devkitARM/bin/../lib/gcc/arm-none-eabi/14.1.0/../../../../arm-none-eabi/lib/thumb/be\libg.a(libc_a-towctrans.o)
                0x1370aa44                towctrans
 .text._mbsnrtowcs_r
                0x1370aa6c       0xb8 C:/devkitPro/devkitARM/bin/../lib/gcc/arm-none-eabi/14.1.0/../../../../arm-none-eabi/lib/thumb/be\libg.a(libc_a-mbsnrtowcs.o)
                0x1370aa6c                _mbsnrtowcs_r
 .text.towctrans_l
                0x1370ab24      0x17c C:/devkitPro/devkitARM/bin/../lib/gcc/arm-none-eabi/14.1.0/../../../../arm-none-eabi/lib/thumb/be\libg.a(libc_a-towctrans_l.o)
                0x1370ab24                towctrans_l
 .text.chdir    0x1370aca0       0xe4 C:/devkitPro/devkitARM/bin/../lib/gcc/arm-none-eabi/14.1.0/../../../../arm-none-eabi/lib/thumb/be\libsysbase.a(libsysbase_libsysbase_a-chdir.o)
                0x1370aca0                chdir
 .text._concatenate_path
                0x1370ad84      0x134 C:/devkitPro/devkitARM/bin/../lib/gcc/arm-none-eabi/14.1.0/../../../../arm-none-eabi/lib/thumb/be\libsysbase.a(libsysbase_libsysbase_a-concatenate.o)
                0x1370ad84                _concatenate_path
 .text.__getreent
                0x1370aeb8       0x20 C:/devkitPro/devkitARM/bin/../lib/gcc/arm-none-eabi/14.1.0/../../../../arm-none-eabi/lib/thumb/be\libsysbase.a(libsysbase_libsysbase_a-getreent.o)
                0x1370aeb8                __getreent
 .text.null_write
                0x1370aed8        0x4 C:/devkitPro/devkitARM/bin/../lib/gcc/arm-none-eabi/14.1.0/../../../../arm-none-eabi/lib/thumb/be\libsysbase.a(libsysbase_libsysbase_a-iosupport.o)
 .text.setDefaultDevice
                0x1370aedc       0x10 C:/devkitPro/devkitARM/bin/../lib/gcc/arm-none-eabi/14.1.0/../../../../arm-none-eabi/lib/thumb/be\libsysbase.a(libsysbase_libsysbase_a-iosupport.o)
                0x1370aedc                setDefaultDevice
 .text.FindDevice
                0x1370aeec       0x98 C:/devkitPro/devkitARM/bin/../lib/gcc/arm-none-eabi/14.1.0/../../../../arm-none-eabi/lib/thumb/be\libsysbase.a(libsysbase_libsysbase_a-iosupport.o)
                0x1370aeec                FindDevice
 .text.RemoveDevice
                0x1370af84       0x24 C:/devkitPro/devkitARM/bin/../lib/gcc/arm-none-eabi/14.1.0/../../../../arm-none-eabi/lib/thumb/be\libsysbase.a(libsysbase_libsysbase_a-iosupport.o)
                0x1370af84                RemoveDevice
 .text.AddDevice
                0x1370afa8       0x78 C:/devkitPro/devkitARM/bin/../lib/gcc/arm-none-eabi/14.1.0/../../../../arm-none-eabi/lib/thumb/be\libsysbase.a(libsysbase_libsysbase_a-iosupport.o)
                0x1370afa8                AddDevice
 .text.GetDeviceOpTab
                0x1370b020       0x20 C:/devkitPro/devkitARM/bin/../lib/gcc/arm-none-eabi/14.1.0/../../../../arm-none-eabi/lib/thumb/be\libsysbase.a(libsysbase_libsysbase_a-iosupport.o)
                0x1370b020                GetDeviceOpTab
 .text.GetDeviceOpTab.__stub
                0x1370b040       0xf4 linker stubs
 *(.gnu.warning)
 *(.gnu.linkonce.t.*)
 *(.init)
 *(.glue_7)
 .glue_7        0x1370b138        0x0 linker stubs
 *(.glue_7t)
 .glue_7t       0x1370b138        0x0 linker stubs

.vfp11_veneer   0x1370b138        0x0
 .vfp11_veneer  0x1370b138        0x0 linker stubs

.v4_bx          0x1370b138        0x0
 .v4_bx         0x1370b138        0x0 linker stubs

.iplt           0x1370b138        0x0
 .iplt          0x1370b138        0x0 file_fat_cpp.o

.data           0x13710000      0xf18
 *(.ios_data)
 *(.data*)
 .data.toggle_mask
                0x13710000        0x4 ../../libios/libios.a(gpio_c.o)
 .data.mem_lock
                0x13710004        0x4 ../../libios/libios.a(mem_c.o)
 .data.net_ip_top_fd
                0x13710008        0x4 ../../libios/libios.a(network_wii_c.o)
 .data.timerId  0x1371000c        0x4 ../../libios/libios.a(timer_c.o)
 .data.queuehandle
                0x13710010        0x4 ../../libios/libios.a(timer_c.o)
 .data.__io_usbstorage
                0x13710014       0x20 ../../libios/libios.a(usbstorage_c.o)
                0x13710014                __io_usbstorage
 .data._sd0_fs  0x13710034       0x10 ../../libios/libios.a(wiisd_c.o)
 .data.__sd0_fd
                0x13710044        0x4 ../../libios/libios.a(wiisd_c.o)
 .data.__global_locale
                0x13710048      0x16c C:/devkitPro/devkitARM/bin/../lib/gcc/arm-none-eabi/14.1.0/../../../../arm-none-eabi/lib/thumb/be\libg.a(libc_a-locale.o)
                0x13710048                __global_locale
 .data._impure_ptr
                0x137101b4        0x4 C:/devkitPro/devkitARM/bin/../lib/gcc/arm-none-eabi/14.1.0/../../../../arm-none-eabi/lib/thumb/be\libg.a(libc_a-impure.o)
                0x137101b4                _impure_ptr
 .data._impure_data
                0x137101b8      0x120 C:/devkitPro/devkitARM/bin/../lib/gcc/arm-none-eabi/14.1.0/../../../../arm-none-eabi/lib/thumb/be\libg.a(libc_a-impure.o)
                0x137101b8                _impure_data
 .data.caseconv_table
                0x137102d8      0x7b0 C:/devkitPro/devkitARM/bin/../lib/gcc/arm-none-eabi/14.1.0/../../../../arm-none-eabi/lib/thumb/be\libg.a(libc_a-towctrans_l.o)
 .data._current_working_directory
                0x13710a88      0x400 C:/devkitPro/devkitARM/bin/../lib/gcc/arm-none-eabi/14.1.0/../../../../arm-none-eabi/lib/thumb/be\libsysbase.a(libsysbase_libsysbase_a-chdir.o)
 .data.devoptab_list
                0x13710e88       0x8c C:/devkitPro/devkitARM/bin/../lib/gcc/arm-none-eabi/14.1.0/../../../../arm-none-eabi/lib/thumb/be\libsysbase.a(libsysbase_libsysbase_a-iosupport.o)
                0x13710e88                devoptab_list
 .data.defaultDevice
                0x13710f14        0x4 C:/devkitPro/devkitARM/bin/../lib/gcc/arm-none-eabi/14.1.0/../../../../arm-none-eabi/lib/thumb/be\libsysbase.a(libsysbase_libsysbase_a-iosupport.o)
 *(.data1)
 *(.gnu.linkonce.d.*)
                0x13710f18                        . = ALIGN (0x4)
                0x13710f18                        __CTOR_LIST__ = ABSOLUTE (.)
 *(SORT_BY_NAME(.ctors*))
                0x13710f18                        __CTOR_END__ = ABSOLUTE (.)
                0x13710f18                        __DTOR_LIST__ = ABSOLUTE (.)
 *(SORT_BY_NAME(.dtors*))
                0x13710f18                        __DTOR_END__ = ABSOLUTE (.)
 *(.dynamic)
 *(.sdata*)
 *(.gnu.linkonce.s.*)
                0x13710f18                        . = ALIGN (0x4)
 *(.2ram.*)

.igot.plt       0x13710f18        0x0
 .igot.plt      0x13710f18        0x0 file_fat_cpp.o

.fini           0x13710f18        0x0
                0x13710f18                        . = .
 *(.fini)

.rodata         0x13710f18      0x6f4
                0x13710f18                        . = .
 *(.rodata*)
 .rodata._ZN8ProxiIOS10Filesystem10FatHandler5MountEPKvi.str1.4
                0x13710f18       0xd8 file_fat_cpp.o
                                 0x10 (size before relaxing)
 .rodata._ZN8ProxiIOS10Filesystem10FatHandler4OpenEPKci.str1.4
                0x13710ff0       0x11 file_fat_cpp.o
 .rodata._ZTVN8ProxiIOS10Filesystem10FatHandlerE
                0x13710ff0       0x64 file_fat_cpp.o
                0x13710ff0                vtable for ProxiIOS::Filesystem::FatHandler
 .rodata._ZN8ProxiIOS10Filesystem11IsfsHandler5MountEPKvi.str1.4
                0x13711054        0x8 file_isfs_cpp.o
 .rodata._ZTVN8ProxiIOS10Filesystem11IsfsHandlerE
                0x13711054       0x64 file_isfs_cpp.o
                0x13711054                vtable for ProxiIOS::Filesystem::IsfsHandler
 .rodata._ZN8ProxiIOS10Filesystem10RiiHandler5MountEPKvi.str1.4
                0x137110b8       0x12 file_riifs_cpp.o
 .rodata._ZTVN8ProxiIOS10Filesystem10RiiHandlerE
                0x137110b8       0x64 file_riifs_cpp.o
                0x137110b8                vtable for ProxiIOS::Filesystem::RiiHandler
 .rodata._ZN8ProxiIOS10Filesystem10FilesystemC2Ev.str1.4
                0x1371111c       0x12 module_cpp.o
 .rodata._ZN8ProxiIOS10Filesystem12FilePathDescC2EPNS0_10FilesystemEPKc.str1.4
                0x1371111c        0x8 module_cpp.o
 .rodata._ZN8ProxiIOS10Filesystem10Filesystem11HandleIoctlEP10ipcmessage.str1.4
                0x1371111c        0xc module_cpp.o
 .rodata._ZN8ProxiIOS10Filesystem10Filesystem11HandleIoctlEP10ipcmessage
                0x1371111c       0xd8 module_cpp.o
 .rodata._ZTVN8ProxiIOS10Filesystem10FilesystemE
                0x137111f4       0x2c module_cpp.o
                0x137111f4                vtable for ProxiIOS::Filesystem::Filesystem
 .rodata.fatMount.str1.4
                0x13711220        0x2 ../libfat/libfat.a(libfat_c.o)
 .rodata.str1.4
                0x13711220        0x4 ../libfat/libfat.a(libfat_c.o)
 .rodata.dotab_fat
                0x13711220       0x80 ../libfat/libfat.a(libfat_c.o)
 .rodata._FAT_partition_constructor_buf
                0x137112a0       0x84 ../libfat/libfat.a(partition_c.o)
 .rodata.GUID_BASIC_DATA
                0x13711324       0x10 ../libfat/libfat.a(partition_c.o)
 .rodata.EFI_SIG
                0x13711334        0x8 ../libfat/libfat.a(partition_c.o)
 .rodata.ILLEGAL_LFN_CHARACTERS
                0x1371133c        0xa ../libfat/libfat.a(directory_c.o)
 *fill*         0x13711346        0x2 
 .rodata.ILLEGAL_ALIAS_CHARACTERS
                0x13711348       0x12 ../libfat/libfat.a(directory_c.o)
 *fill*         0x1371135a        0x2 
 .rodata.LFN_offset_table
                0x1371135c       0x34 ../libfat/libfat.a(directory_c.o)
 .rodata._ZN8ProxiIOS6Module4LoopEv
                0x13711390       0x24 ../../libios/libios.a(proxiios_cpp.o)
 .rodata._ZTVN8ProxiIOS6ModuleE
                0x137113b4       0x2c ../../libios/libios.a(proxiios_cpp.o)
                0x137113b4                vtable for ProxiIOS::Module
 .rodata.__kd_fs
                0x137113e0       0x14 ../../libios/libios.a(network_wii_c.o)
 .rodata.__iptop_fs
                0x137113f4       0x10 ../../libios/libios.a(network_wii_c.o)
 .rodata.__manage_fs
                0x13711404       0x14 ../../libios/libios.a(network_wii_c.o)
 .rodata._net_error_code_map
                0x13711418       0x4d ../../libios/libios.a(network_wii_c.o)
 .rodata.__usbstorage_IsInserted.str1.4
                0x13711465       0x14 ../../libios/libios.a(usbstorage_c.o)
 *fill*         0x13711465        0x3 
 .rodata.__io_wiisd
                0x13711468       0x20 ../../libios/libios.a(wiisd_c.o)
                0x13711468                __io_wiisd
 .rodata.USB_OpenDevice.str1.4
                0x13711488       0x16 ../../libios/libios.a(usb_c.o)
 .rodata.str1.4
                0x13711488       0x4c C:/devkitPro/devkitARM/bin/../lib/gcc/arm-none-eabi/14.1.0/../../../../arm-none-eabi/lib/thumb/be\libg.a(libc_a-locale.o)
 .rodata._ctype_
                0x13711488      0x101 C:/devkitPro/devkitARM/bin/../lib/gcc/arm-none-eabi/14.1.0/../../../../arm-none-eabi/lib/thumb/be\libg.a(libc_a-ctype_.o)
                0x13711488                _ctype_
 .rodata._mbrtowc_r.str1.4
                0x13711589        0x1 C:/devkitPro/devkitARM/bin/../lib/gcc/arm-none-eabi/14.1.0/../../../../arm-none-eabi/lib/thumb/be\libg.a(libc_a-mbrtowc.o)
 .rodata.AddDevice.str1.4
                0x13711589        0x8 C:/devkitPro/devkitARM/bin/../lib/gcc/arm-none-eabi/14.1.0/../../../../arm-none-eabi/lib/thumb/be\libsysbase.a(libsysbase_libsysbase_a-iosupport.o)
 *fill*         0x13711589        0x3 
 .rodata.dotab_stdnull
                0x1371158c       0x80 C:/devkitPro/devkitARM/bin/../lib/gcc/arm-none-eabi/14.1.0/../../../../arm-none-eabi/lib/thumb/be\libsysbase.a(libsysbase_libsysbase_a-iosupport.o)
                0x1371158c                dotab_stdnull
 *(.gnu.linkonce.r.*)

.rel.dyn        0x1371160c        0x0
 .rel.iplt      0x1371160c        0x0 file_fat_cpp.o

.rodata1        0x1371160c        0x0
                0x1371160c                        . = .
 *(.rodata1)

.fixup          0x1371160c        0x0
                0x1371160c                        . = .
 *(.fixup)

.gcc_except_table
                0x1371160c        0x0
                0x1371160c                        . = .
 *(.gcc_except_table)

.got
 *(.got.plt)
 *(.got)

.bss            0x1371160c    0x2abdc
 *(.scommon)
 *(.dynsbss)
 *(.sbss*)
 *(.gnu.linkonce.sb.*)
 *(.dynbss)
 *(.bss*)
 *fill*         0x1371160c       0x14 
 .bss._ZZN8ProxiIOS10Filesystem10RiiHandler11SendCommandEiPKviE7message
                0x13711620        0xc file_riifs_cpp.o
 .bss._ZZN8ProxiIOS10Filesystem10RiiHandler5MountEPKviE10connection
                0x1371162c        0x4 file_riifs_cpp.o
 .bss._ZL9Heapspace
                0x13711630    0x28000 main_cpp.o
 .bss.fReent    0x13739630      0x120 ../libfat/libfat.a(wrapper_c.o)
 .bss.accessCounter
                0x13739750        0x4 ../libfat/libfat.a(cache_c.o)
 .bss.mem_msg   0x13739754        0x4 ../../libios/libios.a(mem_c.o)
 .bss.heap      0x13739758       0x1c ../../libios/libios.a(mem_c.o)
 .bss.str.0     0x13739774       0x10 ../../libios/libios.a(network_common_c.o)
 *fill*         0x13739784       0x1c 
 .bss.ipBuffer  0x137397a0      0x460 ../../libios/libios.a(network_wii_c.o)
 .bss.cbdata    0x13739c00       0x20 ../../libios/libios.a(network_wii_c.o)
 .bss.initted   0x13739c20        0x4 ../../libios/libios.a(rtc_c.o)
 *fill*         0x13739c24        0x4 
 .bss.starlet_time
                0x13739c28       0x18 ../../libios/libios.a(rtc_c.o)
 .bss.__pid     0x13739c40        0x2 ../../libios/libios.a(usbstorage_c.o)
 .bss.__vid     0x13739c42        0x2 ../../libios/libios.a(usbstorage_c.o)
 .bss.__mounted
                0x13739c44        0x1 ../../libios/libios.a(usbstorage_c.o)
 .bss.__lun     0x13739c45        0x1 ../../libios/libios.a(usbstorage_c.o)
 *fill*         0x13739c46        0x2 
 .bss.__usbfd   0x13739c48       0x24 ../../libios/libios.a(usbstorage_c.o)
 .bss.__sdio_initialized
                0x13739c6c        0x4 ../../libios/libios.a(wiisd_c.o)
 .bss.__sd0_sdhc
                0x13739c70        0x4 ../../libios/libios.a(wiisd_c.o)
 .bss.__sd0_initialized
                0x13739c74        0x4 ../../libios/libios.a(wiisd_c.o)
 .bss.__sd0_rca
                0x13739c78        0x2 ../../libios/libios.a(wiisd_c.o)
 *fill*         0x13739c7a        0x6 
 .bss.__sf      0x13739c80      0x168 C:/devkitPro/devkitARM/bin/../lib/gcc/arm-none-eabi/14.1.0/../../../../arm-none-eabi/lib/thumb/be\libg.a(libc_a-findfp.o)
                0x13739c80                __sf
 .bss.temp_cwd  0x13739de8      0x400 C:/devkitPro/devkitARM/bin/../lib/gcc/arm-none-eabi/14.1.0/../../../../arm-none-eabi/lib/thumb/be\libsysbase.a(libsysbase_libsysbase_a-chdir.o)
 *(.gnu.linkonce.b.*)
 *(COMMON)
 *(.ios_bss)
 .ios_bss       0x1373a1e8     0x2000 crt0_s.o
                0x1373a1e8                ios_thread_stack
                0x1373c1e8                        . = ALIGN (0x4)
OUTPUT(filemodule.elf elf32-bigarm)
LOAD linker stubs

.debug_loclists
                0x00000000    0x11d54
 .debug_loclists
                0x00000000      0xa5f file_fat_cpp.o
 .debug_loclists
                0x00000a5f      0x8b5 file_isfs_cpp.o
 .debug_loclists
                0x00001314     0x1246 file_riifs_cpp.o
 .debug_loclists
                0x0000255a       0x29 main_cpp.o
 .debug_loclists
                0x00002583      0x931 module_cpp.o
 .debug_loclists
                0x00002eb4      0x97a ../libfat/libfat.a(wrapper_c.o)
 .debug_loclists
                0x0000382e      0xa34 ../libfat/libfat.a(fatdir_c.o)
 .debug_loclists
                0x00004262     0x233c ../libfat/libfat.a(fatfile_c.o)
 .debug_loclists
                0x0000659e      0x9af ../libfat/libfat.a(file_allocation_table_c.o)
 .debug_loclists
                0x00006f4d       0x46 ../libfat/libfat.a(filetime_c.o)
 .debug_loclists
                0x00006f93      0x391 ../libfat/libfat.a(libfat_c.o)
 .debug_loclists
                0x00007324      0x95e ../libfat/libfat.a(partition_c.o)
 .debug_loclists
                0x00007c82     0x1171 ../libfat/libfat.a(cache_c.o)
 .debug_loclists
                0x00008df3     0x2625 ../libfat/libfat.a(directory_c.o)
 .debug_loclists
                0x0000b418      0x7a3 ../../libios/libios.a(proxiios_cpp.o)
 .debug_loclists
                0x0000bbbb      0x264 ../../libios/libios.a(gpio_c.o)
 .debug_loclists
                0x0000be1f      0x33d ../../libios/libios.a(mem_c.o)
 .debug_loclists
                0x0000c15c      0x2bd ../../libios/libios.a(network_common_c.o)
 .debug_loclists
                0x0000c419     0x1dc3 ../../libios/libios.a(network_wii_c.o)
 .debug_loclists
                0x0000e1dc       0xf8 ../../libios/libios.a(rtc_c.o)
 .debug_loclists
                0x0000e2d4       0x4d ../../libios/libios.a(timer_c.o)
 .debug_loclists
                0x0000e321     0x1506 ../../libios/libios.a(usbstorage_c.o)
 .debug_loclists
                0x0000f827      0x5ce ../../libios/libios.a(wiisd_c.o)
 .debug_loclists
                0x0000fdf5      0x10f ../../libios/libios.a(lock_c.o)
 .debug_loclists
                0x0000ff04      0x801 ../../libios/libios.a(lwp_heap_c.o)
 .debug_loclists
                0x00010705     0x164f ../../libios/libios.a(usb_c.o)

.debug_rnglists
                0x00000000     0x1768
 .debug_rnglists
                0x00000000       0xcb file_fat_cpp.o
 .debug_rnglists
                0x000000cb       0xd6 file_isfs_cpp.o
 .debug_rnglists
                0x000001a1      0x199 file_riifs_cpp.o
 .debug_rnglists
                0x0000033a       0x19 main_cpp.o
 .debug_rnglists
                0x00000353      0x172 module_cpp.o
 .debug_rnglists
                0x000004c5       0xc7 ../libfat/libfat.a(wrapper_c.o)
 .debug_rnglists
                0x0000058c      0x102 ../libfat/libfat.a(fatdir_c.o)
 .debug_rnglists
                0x0000068e      0x1fd ../libfat/libfat.a(fatfile_c.o)
 .debug_rnglists
                0x0000088b       0x66 ../libfat/libfat.a(file_allocation_table_c.o)
 .debug_rnglists
                0x000008f1       0x1f ../libfat/libfat.a(filetime_c.o)
 .debug_rnglists
                0x00000910       0x3a ../libfat/libfat.a(libfat_c.o)
 .debug_rnglists
                0x0000094a      0x109 ../libfat/libfat.a(partition_c.o)
 .debug_rnglists
                0x00000a53       0xf0 ../libfat/libfat.a(cache_c.o)
 .debug_rnglists
                0x00000b43      0x214 ../libfat/libfat.a(directory_c.o)
 .debug_rnglists
                0x00000d57       0xcd ../../libios/libios.a(proxiios_cpp.o)
 .debug_rnglists
                0x00000e24       0x5e ../../libios/libios.a(gpio_c.o)
 .debug_rnglists
                0x00000e82       0x67 ../../libios/libios.a(mem_c.o)
 .debug_rnglists
                0x00000ee9       0x21 ../../libios/libios.a(network_common_c.o)
 .debug_rnglists
                0x00000f0a      0x3af ../../libios/libios.a(network_wii_c.o)
 .debug_rnglists
                0x000012b9       0x31 ../../libios/libios.a(rtc_c.o)
 .debug_rnglists
                0x000012ea       0x19 ../../libios/libios.a(timer_c.o)
 .debug_rnglists
                0x00001303      0x115 ../../libios/libios.a(usbstorage_c.o)
 .debug_rnglists
                0x00001418      0x119 ../../libios/libios.a(wiisd_c.o)
 .debug_rnglists
                0x00001531       0x25 ../../libios/libios.a(lock_c.o)
 .debug_rnglists
                0x00001556      0x10e ../../libios/libios.a(lwp_heap_c.o)
 .debug_rnglists
                0x00001664      0x104 ../../libios/libios.a(usb_c.o)

.comment        0x00000000       0x46
 .comment       0x00000000       0x46 file_fat_cpp.o
                                 0x24 (size before relaxing)
 .comment       0x00000046       0x24 file_isfs_cpp.o
 .comment       0x00000046       0x24 file_riifs_cpp.o
 .comment       0x00000046       0x24 main_cpp.o
 .comment       0x00000046       0x24 module_cpp.o
 .comment       0x00000046       0x24 ../libfat/libfat.a(wrapper_c.o)
 .comment       0x00000046       0x24 ../libfat/libfat.a(fatdir_c.o)
 .comment       0x00000046       0x24 ../libfat/libfat.a(fatfile_c.o)
 .comment       0x00000046       0x24 ../libfat/libfat.a(file_allocation_table_c.o)
 .comment       0x00000046       0x24 ../libfat/libfat.a(filetime_c.o)
 .comment       0x00000046       0x24 ../libfat/libfat.a(libfat_c.o)
 .comment       0x00000046       0x24 ../libfat/libfat.a(partition_c.o)
 .comment       0x00000046       0x24 ../libfat/libfat.a(cache_c.o)
 .comment       0x00000046       0x24 ../libfat/libfat.a(directory_c.o)
 .comment       0x00000046       0x24 ../../libios/libios.a(proxiios_cpp.o)
 .comment       0x00000046       0x24 ../../libios/libios.a(gpio_c.o)
 .comment       0x00000046       0x24 ../../libios/libios.a(mem_c.o)
 .comment       0x00000046       0x24 ../../libios/libios.a(network_common_c.o)
 .comment       0x00000046       0x24 ../../libios/libios.a(network_wii_c.o)
 .comment       0x00000046       0x24 ../../libios/libios.a(rtc_c.o)
 .comment       0x00000046       0x24 ../../libios/libios.a(timer_c.o)
 .comment       0x00000046       0x24 ../../libios/libios.a(usbstorage_c.o)
 .comment       0x00000046       0x24 ../../libios/libios.a(wiisd_c.o)
 .comment       0x00000046       0x24 ../../libios/libios.a(lock_c.o)
 .comment       0x00000046       0x24 ../../libios/libios.a(lwp_heap_c.o)
 .comment       0x00000046       0x24 ../../libios/libios.a(usb_c.o)
 .comment       0x00000046       0x24 C:/devkitPro/devkitARM/bin/../lib/gcc/arm-none-eabi/14.1.0/thumb/be\libgcc.a(_muldi3.o)
 .comment       0x00000046       0x24 C:/devkitPro/devkitARM/bin/../lib/gcc/arm-none-eabi/14.1.0/../../../../arm-none-eabi/lib/thumb/be\libg.a(libc_a-strncmp.o)
 .comment       0x00000046       0x24 C:/devkitPro/devkitARM/bin/../lib/gcc/arm-none-eabi/14.1.0/../../../../arm-none-eabi/lib/thumb/be\libg.a(libc_a-strchr.o)
 .comment       0x00000046       0x24 C:/devkitPro/devkitARM/bin/../lib/gcc/arm-none-eabi/14.1.0/../../../../arm-none-eabi/lib/thumb/be\libg.a(libc_a-strlen-stub.o)
 .comment       0x00000046       0x24 C:/devkitPro/devkitARM/bin/../lib/gcc/arm-none-eabi/14.1.0/../../../../arm-none-eabi/lib/thumb/be\libg.a(libc_a-memmove.o)
 .comment       0x00000046       0x24 C:/devkitPro/devkitARM/bin/../lib/gcc/arm-none-eabi/14.1.0/../../../../arm-none-eabi/lib/thumb/be\libg.a(libc_a-locale.o)
 .comment       0x00000046       0x24 C:/devkitPro/devkitARM/bin/../lib/gcc/arm-none-eabi/14.1.0/../../../../arm-none-eabi/lib/thumb/be\libg.a(libc_a-strcat.o)
 .comment       0x00000046       0x24 C:/devkitPro/devkitARM/bin/../lib/gcc/arm-none-eabi/14.1.0/../../../../arm-none-eabi/lib/thumb/be\libg.a(libc_a-memcmp.o)
 .comment       0x00000046       0x24 C:/devkitPro/devkitARM/bin/../lib/gcc/arm-none-eabi/14.1.0/../../../../arm-none-eabi/lib/thumb/be\libg.a(libc_a-mbtowc_r.o)
 .comment       0x00000046       0x24 C:/devkitPro/devkitARM/bin/../lib/gcc/arm-none-eabi/14.1.0/../../../../arm-none-eabi/lib/thumb/be\libg.a(libc_a-strrchr.o)
 .comment       0x00000046       0x24 C:/devkitPro/devkitARM/bin/../lib/gcc/arm-none-eabi/14.1.0/../../../../arm-none-eabi/lib/thumb/be\libg.a(libc_a-wcrtomb.o)
 .comment       0x00000046       0x24 C:/devkitPro/devkitARM/bin/../lib/gcc/arm-none-eabi/14.1.0/../../../../arm-none-eabi/lib/thumb/be\libg.a(libc_a-towupper.o)
 .comment       0x00000046       0x24 C:/devkitPro/devkitARM/bin/../lib/gcc/arm-none-eabi/14.1.0/../../../../arm-none-eabi/lib/thumb/be\libg.a(libc_a-strpbrk.o)
 .comment       0x00000046       0x24 C:/devkitPro/devkitARM/bin/../lib/gcc/arm-none-eabi/14.1.0/../../../../arm-none-eabi/lib/thumb/be\libg.a(libc_a-strnlen.o)
 .comment       0x00000046       0x24 C:/devkitPro/devkitARM/bin/../lib/gcc/arm-none-eabi/14.1.0/../../../../arm-none-eabi/lib/thumb/be\libg.a(libc_a-stpcpy.o)
 .comment       0x00000046       0x24 C:/devkitPro/devkitARM/bin/../lib/gcc/arm-none-eabi/14.1.0/../../../../arm-none-eabi/lib/thumb/be\libg.a(libc_a-errno.o)
 .comment       0x00000046       0x24 C:/devkitPro/devkitARM/bin/../lib/gcc/arm-none-eabi/14.1.0/../../../../arm-none-eabi/lib/thumb/be\libg.a(libc_a-memcpy-stub.o)
 .comment       0x00000046       0x24 C:/devkitPro/devkitARM/bin/../lib/gcc/arm-none-eabi/14.1.0/../../../../arm-none-eabi/lib/thumb/be\libg.a(libc_a-wctob.o)
 .comment       0x00000046       0x24 C:/devkitPro/devkitARM/bin/../lib/gcc/arm-none-eabi/14.1.0/../../../../arm-none-eabi/lib/thumb/be\libg.a(libc_a-ctype_.o)
 .comment       0x00000046       0x24 C:/devkitPro/devkitARM/bin/../lib/gcc/arm-none-eabi/14.1.0/../../../../arm-none-eabi/lib/thumb/be\libg.a(libc_a-memset.o)
 .comment       0x00000046       0x24 C:/devkitPro/devkitARM/bin/../lib/gcc/arm-none-eabi/14.1.0/../../../../arm-none-eabi/lib/thumb/be\libg.a(libc_a-strncasecmp.o)